EN full_adder_half NULL /home/sav/full_adder_half/full_adder_half.vhdl sub00/vhpl02 1516123640
EN half_adder NULL /home/sav/full_adder_half/half_adder.vhdl sub00/vhpl00 1516123638
AR half_adder dataflow /home/sav/full_adder_half/half_adder.vhdl sub00/vhpl01 1516123639
AR full_adder_half register_transfer /home/sav/full_adder_half/full_adder_half.vhdl sub00/vhpl03 1516123641
AR ripplecarryadder structural /media/sf_ASE/VHDL/Milo/RippleCarryAdder/RippleCarryAdder.vhd sub00/vhpl05 1516123643
EN ripplecarryadder NULL /media/sf_ASE/VHDL/Milo/RippleCarryAdder/RippleCarryAdder.vhd sub00/vhpl04 1516123642
