V3 11
FL /home/sav/full_adder_half/full_adder_half.vhdl 2017/10/23.16:24:02 P.20131013
EN work/full_adder_half 1516123640 \
      FL /home/sav/full_adder_half/full_adder_half.vhdl PB ieee/std_logic_1164 1381692176
AR work/full_adder_half/register_transfer 1516123641 \
      FL /home/sav/full_adder_half/full_adder_half.vhdl EN work/full_adder_half 1516123640 \
      CP half_adder
FL /home/sav/full_adder_half/half_adder.vhdl 2017/10/23.15:46:11 P.20131013
EN work/half_adder 1516123638 FL /home/sav/full_adder_half/half_adder.vhdl \
      PB ieee/std_logic_1164 1381692176
AR work/half_adder/dataflow 1516123639 \
      FL /home/sav/full_adder_half/half_adder.vhdl EN work/half_adder 1516123638
FL /media/sf_ASE/VHDL/Milo/RippleCarryAdder/RippleCarryAdder.vhd 2018/01/16.16:16:56 P.20131013
EN work/RippleCarryAdder 1516123642 \
      FL /media/sf_ASE/VHDL/Milo/RippleCarryAdder/RippleCarryAdder.vhd \
      PB ieee/std_logic_1164 1381692176
AR work/RippleCarryAdder/structural 1516123643 \
      FL /media/sf_ASE/VHDL/Milo/RippleCarryAdder/RippleCarryAdder.vhd \
      EN work/RippleCarryAdder 1516123642 CP full_adder_half
