AR cathode_encoder behavioral C:/Users/Michele/Documents/TesinaASE/VHDL/Davide/DCM_7_segmenti/cathode_encoder.vhd sub00/vhpl08 1515928796
EN display NULL C:/Users/Michele/Documents/TesinaASE/VHDL/Davide/DCM_7_segmenti/display.vhd sub00/vhpl18 1515928809
AR clock_filter behavioral C:/DAVIDE/ASE/Esercizi/ISE/display_seven_segments/clock_filter.vhd sub00/vhpl15 1510783475
EN dcm NULL C:/Users/Michele/Documents/TesinaASE/VHDL/Davide/DCM_7_segmenti/dcm.vhd sub00/vhpl22 1515928805
AR counter_mod_2n behavioral C:/Users/Michele/Documents/TesinaASE/VHDL/Davide/DCM_7_segmenti/counter_mod_2n.vhd sub00/vhpl01 1515928798
EN display_top_level NULL C:/Users/Michele/Documents/TesinaASE/VHDL/Davide/DCM_7_segmenti/display_top_level.vhd sub00/vhpl20 1515928811
AR display_on_board structural C:/Users/Michele/Documents/TesinaASE/VHDL/Davide/DCM_7_segmenti/display_on_board.vhd sub00/vhpl17 1515928808
EN anodes_manager NULL C:/Users/Michele/Documents/TesinaASE/VHDL/Davide/DCM_7_segmenti/anodes_manager.vhd sub00/vhpl12 1515928801
AR display structural C:/Users/Michele/Documents/TesinaASE/VHDL/Davide/DCM_7_segmenti/display.vhd sub00/vhpl19 1515928810
AR cathode_manager structural C:/Users/Michele/Documents/TesinaASE/VHDL/Davide/DCM_7_segmenti/cathode_manager.vhd sub00/vhpl09 1515928800
EN cathode_encoder NULL C:/Users/Michele/Documents/TesinaASE/VHDL/Davide/DCM_7_segmenti/cathode_encoder.vhd sub00/vhpl07 1515928795
AR dcm behavioral C:/Users/Michele/Documents/TesinaASE/VHDL/Davide/DCM_7_segmenti/dcm.vhd sub00/vhpl23 1515928806
EN muxn_1 NULL C:/Users/Michele/Documents/TesinaASE/VHDL/Davide/DCM_7_segmenti/muxn_1.vhd sub00/vhpl05 1515928791
EN cathode_manager NULL C:/Users/Michele/Documents/TesinaASE/VHDL/Davide/DCM_7_segmenti/cathode_manager.vhd sub00/vhpl04 1515928799
AR display_top_level structural C:/Users/Michele/Documents/TesinaASE/VHDL/Davide/DCM_7_segmenti/display_top_level.vhd sub00/vhpl21 1515928812
AR edge_triggered_d_n behavioral C:/Users/Michele/Documents/TesinaASE/VHDL/Davide/DCM_7_segmenti/edge_triggered_d_n.vhd sub00/vhpl03 1515928804
EN clock_filter NULL C:/DAVIDE/ASE/Esercizi/ISE/display_seven_segments/clock_filter.vhd sub00/vhpl14 1510783474
EN counter_mod_2n NULL C:/Users/Michele/Documents/TesinaASE/VHDL/Davide/DCM_7_segmenti/counter_mod_2n.vhd sub00/vhpl00 1515928797
EN display_on_board NULL C:/Users/Michele/Documents/TesinaASE/VHDL/Davide/DCM_7_segmenti/display_on_board.vhd sub00/vhpl16 1515928807
AR anodes_manager structural C:/Users/Michele/Documents/TesinaASE/VHDL/Davide/DCM_7_segmenti/anodes_manager.vhd sub00/vhpl13 1515928802
AR demux1_n dataflow C:/Users/Michele/Documents/TesinaASE/VHDL/Davide/DCM_7_segmenti/demux1_n.vhd sub00/vhpl11 1515928794
EN edge_triggered_d_n NULL C:/Users/Michele/Documents/TesinaASE/VHDL/Davide/DCM_7_segmenti/edge_triggered_d_n.vhd sub00/vhpl02 1515928803
AR muxn_1 dataflow C:/Users/Michele/Documents/TesinaASE/VHDL/Davide/DCM_7_segmenti/muxn_1.vhd sub00/vhpl06 1515928792
EN demux1_n NULL C:/Users/Michele/Documents/TesinaASE/VHDL/Davide/DCM_7_segmenti/demux1_n.vhd sub00/vhpl10 1515928793
