AR booth_multiplier structural C:/Users/Mario/Desktop/BootMultiplier/booth_multiplier.vhd sub00/vhpl25 1481021894
EN flipflopd NULL C:/Users/Mario/Desktop/BootMultiplier/flipflopd.vhd sub00/vhpl06 1481021871
EN mux2 NULL C:/Users/Mario/Desktop/BootMultiplier/mux2.vhd sub00/vhpl04 1481021869
EN flipflopmux NULL C:/Users/Mario/Desktop/BootMultiplier/flipflopmux.vhd sub00/vhpl10 1481021877
AR controlled_not dataflow C:/Users/Mario/Desktop/BootMultiplier/controlled_not.vhd sub00/vhpl13 1481021880
EN control_unit NULL C:/Users/Mario/Desktop/BootMultiplier/control_unit.vhd sub00/vhpl22 1481021891
EN shift_register_pilotato NULL C:/Users/Mario/Desktop/BootMultiplier/shift_register_pilotato.vhd sub00/vhpl18 1481021887
EN ripplecarryadder NULL C:/Users/Mario/Desktop/BootMultiplier/rippleCarryAdder.vhd sub00/vhpl14 1481021881
AR reg_clock behavioral C:/Users/Mario/Desktop/BootMultiplier/reg_clock.vhd sub00/vhpl21 1481021890
AR counter behavioral C:/Users/Mario/Desktop/BootMultiplier/counter.vhd sub00/vhpl03 1481021886
AR full_adder dataflow C:/Users/Mario/Desktop/BootMultiplier/full_adder.vhd sub00/vhpl09 1481021874
EN counter NULL C:/Users/Mario/Desktop/BootMultiplier/counter.vhd sub00/vhpl02 1481021885
EN full_adder NULL C:/Users/Mario/Desktop/BootMultiplier/full_adder.vhd sub00/vhpl08 1481021873
AR flipflopd behavioral C:/Users/Mario/Desktop/BootMultiplier/flipflopd.vhd sub00/vhpl07 1481021872
AR ripplecarryadder structural C:/Users/Mario/Desktop/BootMultiplier/rippleCarryAdder.vhd sub00/vhpl15 1481021882
EN controlled_not NULL C:/Users/Mario/Desktop/BootMultiplier/controlled_not.vhd sub00/vhpl12 1481021879
AR flipflopmux structural C:/Users/Mario/Desktop/BootMultiplier/flipflopmux.vhd sub00/vhpl11 1481021878
AR mux2 dataflow C:/Users/Mario/Desktop/BootMultiplier/mux2.vhd sub00/vhpl05 1481021870
PB log_functions log_functions C:/Users/Mario/Desktop/BootMultiplier/log_functions.vhd sub00/vhpl01 1481021876
AR shift_register_pilotato behavioral C:/Users/Mario/Desktop/BootMultiplier/shift_register_pilotato.vhd sub00/vhpl19 1481021888
EN rcaddsub NULL C:/Users/Mario/Desktop/BootMultiplier/RCAddSub.vhd sub00/vhpl16 1481021883
EN reg_clock NULL C:/Users/Mario/Desktop/BootMultiplier/reg_clock.vhd sub00/vhpl20 1481021889
EN booth_multiplier NULL C:/Users/Mario/Desktop/BootMultiplier/booth_multiplier.vhd sub00/vhpl24 1481021893
AR control_unit behavioral C:/Users/Mario/Desktop/BootMultiplier/control_unit.vhd sub00/vhpl23 1481021892
PH log_functions NULL C:/Users/Mario/Desktop/BootMultiplier/log_functions.vhd sub00/vhpl00 1481021875
AR rcaddsub structural C:/Users/Mario/Desktop/BootMultiplier/RCAddSub.vhd sub00/vhpl17 1481021884
