--------------------------------------------------------------------------------
Release 14.7 Trace  (lin64)
Copyright (c) 1995-2013 Xilinx, Inc.  All rights reserved.

/opt/Xilinx/14.7/ISE_DS/ISE/bin/lin64/unwrapped/trce -intstyle ise -v 3 -s 5 -n
3 -fastpaths -xml mac_multiplier.twx mac_multiplier.ncd -o mac_multiplier.twr
mac_multiplier.pcf

Design file:              mac_multiplier.ncd
Physical constraint file: mac_multiplier.pcf
Device,package,speed:     xc3s100e,tq144,-5 (PRODUCTION 1.27 2013-10-13)
Report level:             verbose report

Environment Variable      Effect 
--------------------      ------ 
NONE                      No environment variables were set
--------------------------------------------------------------------------------

INFO:Timing:2698 - No timing constraints found, doing default enumeration.
INFO:Timing:3412 - To improve timing, see the Timing Closure User Guide (UG612).
INFO:Timing:2752 - To get complete path coverage, use the unconstrained paths 
   option. All paths that are not constrained will be reported in the 
   unconstrained paths section(s) of the report.
INFO:Timing:3339 - The clock-to-out numbers in this timing report are based on 
   a 50 Ohm transmission line loading model.  For the details of this model, 
   and for more information on accounting for different loading conditions, 
   please see the device datasheet.
INFO:Timing:3390 - This architecture does not support a default System Jitter 
   value, please add SYSTEM_JITTER constraint to the UCF to modify the Clock 
   Uncertainty calculation.
INFO:Timing:3389 - This architecture does not support 'Discrete Jitter' and 
   'Phase Error' calculations, these terms will be zero in the Clock 
   Uncertainty calculation.  Please make appropriate modification to 
   SYSTEM_JITTER to account for the unsupported Discrete Jitter and Phase 
   Error.



Data Sheet report:
-----------------
All values displayed in nanoseconds (ns)

Pad to Pad
---------------+---------------+---------+
Source Pad     |Destination Pad|  Delay  |
---------------+---------------+---------+
a<0>           |ris<0>         |    5.583|
a<0>           |ris<1>         |    7.515|
a<0>           |ris<2>         |    7.999|
a<0>           |ris<3>         |    8.214|
a<1>           |ris<1>         |    6.999|
a<1>           |ris<2>         |    7.483|
a<1>           |ris<3>         |    7.698|
b<0>           |ris<0>         |    5.779|
b<0>           |ris<1>         |    7.711|
b<0>           |ris<2>         |    8.195|
b<0>           |ris<3>         |    8.410|
b<1>           |ris<1>         |    6.030|
b<1>           |ris<2>         |    6.514|
b<1>           |ris<3>         |    6.729|
c_in<0>        |ris<0>         |    5.506|
c_in<0>        |ris<1>         |    7.438|
c_in<0>        |ris<2>         |    7.922|
c_in<0>        |ris<3>         |    8.137|
c_in<1>        |ris<1>         |    6.199|
c_in<1>        |ris<2>         |    6.683|
c_in<1>        |ris<3>         |    6.898|
s_in<0>        |ris<0>         |    6.348|
s_in<0>        |ris<1>         |    8.280|
s_in<0>        |ris<2>         |    8.764|
s_in<0>        |ris<3>         |    8.979|
s_in<1>        |ris<1>         |    7.132|
s_in<1>        |ris<2>         |    7.616|
s_in<1>        |ris<3>         |    7.831|
---------------+---------------+---------+


Analysis completed Wed Jan 17 20:33:40 2018 
--------------------------------------------------------------------------------

Trace Settings:
-------------------------
Trace Settings 

Peak Memory Usage: 332 MB



