V3 15
FL C:/DAVIDE/ASE/Esercizi/ISE/latch_flip-flop/t_latch/and_gate.vhd 2018/01/13.11:33:26 P.20131013
EN work/and_gate 1515934133 \
      FL C:/DAVIDE/ASE/Esercizi/ISE/latch_flip-flop/t_latch/and_gate.vhd \
      PB ieee/std_logic_1164 1381692176
AR work/and_gate/Dataflow 1515934134 \
      FL C:/DAVIDE/ASE/Esercizi/ISE/latch_flip-flop/t_latch/and_gate.vhd \
      EN work/and_gate 1515934133
FL C:/DAVIDE/ASE/Esercizi/ISE/latch_flip-flop/t_latch/nor_gate.vhd 2018/01/13.11:33:26 P.20131013
EN work/nor_gate 1515934131 \
      FL C:/DAVIDE/ASE/Esercizi/ISE/latch_flip-flop/t_latch/nor_gate.vhd \
      PB ieee/std_logic_1164 1381692176
AR work/nor_gate/Dataflow 1515934132 \
      FL C:/DAVIDE/ASE/Esercizi/ISE/latch_flip-flop/t_latch/nor_gate.vhd \
      EN work/nor_gate 1515934131
FL C:/DAVIDE/ASE/Esercizi/ISE/latch_flip-flop/t_latch/rs_latch.vhd 2018/01/13.11:33:26 P.20131013
EN work/rs_latch 1515934135 \
      FL C:/DAVIDE/ASE/Esercizi/ISE/latch_flip-flop/t_latch/rs_latch.vhd \
      PB ieee/std_logic_1164 1381692176
AR work/rs_latch/Structural 1515934136 \
      FL C:/DAVIDE/ASE/Esercizi/ISE/latch_flip-flop/t_latch/rs_latch.vhd \
      EN work/rs_latch 1515934135 CP nor_gate
FL C:/DAVIDE/ASE/Esercizi/ISE/latch_flip-flop/t_latch/t_latch.vhd 2018/01/14.13:45:35 P.20131013
EN work/t_latch 1515934137 \
      FL C:/DAVIDE/ASE/Esercizi/ISE/latch_flip-flop/t_latch/t_latch.vhd \
      PB ieee/std_logic_1164 1381692176
AR work/t_latch/Structural 1515934138 \
      FL C:/DAVIDE/ASE/Esercizi/ISE/latch_flip-flop/t_latch/t_latch.vhd \
      EN work/t_latch 1515934137 CP and_gate CP rs_latch
