AR half_adder dataflow C:/Users/Michele/Documents/TesinaASE/VHDL/Michele/ISE/prototipi/add_sub/half_adder.vhd sub00/vhpl01 1511537122
AR cathode_encoder behavioral C:/Users/Michele/Documents/TesinaASE/VHDL/Michele/ISE/prototipi/add_sub/cathode_encoder.vhd sub00/vhpl13 1511537128
EN display NULL C:/Users/Michele/Documents/TesinaASE/VHDL/Michele/ISE/prototipi/add_sub/display.vhd sub00/vhpl24 1511537145
AR clock_filter behavioral C:/Users/Michele/Documents/TesinaASE/VHDL/Michele/ISE/prototipi/add_sub/clock_filter.vhd sub00/vhpl15 1511537132
EN anode_manager NULL C:/Users/Michele/Documents/TesinaASE/VHDL/Michele/ISE/prototipi/add_sub/anode_manager.vhd sub00/vhpl20 1511537137
AR ripple_carry_adder structural C:/Users/Michele/Documents/TesinaASE/VHDL/Michele/ISE/prototipi/add_sub/ripple_carry_adder.vhd sub00/vhpl05 1511537140
EN half_adder NULL C:/Users/Michele/Documents/TesinaASE/VHDL/Michele/ISE/prototipi/add_sub/half_adder.vhd sub00/vhpl00 1511537121
AR display structural C:/Users/Michele/Documents/TesinaASE/VHDL/Michele/ISE/prototipi/add_sub/display.vhd sub00/vhpl25 1511537146
AR cathode_manager structural C:/Users/Michele/Documents/TesinaASE/VHDL/Michele/ISE/prototipi/add_sub/cathode_manager.vhd sub00/vhpl19 1511537136
EN cathode_encoder NULL C:/Users/Michele/Documents/TesinaASE/VHDL/Michele/ISE/prototipi/add_sub/cathode_encoder.vhd sub00/vhpl12 1511537127
EN muxn_1 NULL C:/Users/Michele/Documents/TesinaASE/VHDL/Michele/ISE/prototipi/add_sub/muxn_1.vhd sub00/vhpl08 1511537123
EN cathode_manager NULL C:/Users/Michele/Documents/TesinaASE/VHDL/Michele/ISE/prototipi/add_sub/cathode_manager.vhd sub00/vhpl18 1511537135
AR anode_manager structural C:/Users/Michele/Documents/TesinaASE/VHDL/Michele/ISE/prototipi/add_sub/anode_manager.vhd sub00/vhpl21 1511537138
AR edge_triggered_d_n behavioral C:/Users/Michele/Documents/TesinaASE/VHDL/Michele/ISE/prototipi/add_sub/edge_triggered_d_n.vhd sub00/vhpl23 1511537142
AR add_sub structural C:/Users/Michele/Documents/TesinaASE/VHDL/Michele/ISE/prototipi/add_sub/add_sub.vhd sub00/vhpl07 1511537144
EN clock_filter NULL C:/Users/Michele/Documents/TesinaASE/VHDL/Michele/ISE/prototipi/add_sub/clock_filter.vhd sub00/vhpl14 1511537131
AR add_sub_on_board structural C:/Users/Michele/Documents/TesinaASE/VHDL/Michele/ISE/prototipi/add_sub/add_sub_on_board.vhd sub00/vhpl27 1511537148
EN full_adder NULL C:/Users/Michele/Documents/TesinaASE/VHDL/Michele/ISE/prototipi/add_sub/full_adder.vhd sub00/vhpl02 1511537129
EN counter_mod2n NULL C:/Users/Michele/Documents/TesinaASE/VHDL/Michele/ISE/prototipi/add_sub/counter_mod2n.vhd sub00/vhpl16 1511537133
EN add_sub_on_board NULL C:/Users/Michele/Documents/TesinaASE/VHDL/Michele/ISE/prototipi/add_sub/add_sub_on_board.vhd sub00/vhpl26 1511537147
EN ripple_carry_adder NULL C:/Users/Michele/Documents/TesinaASE/VHDL/Michele/ISE/prototipi/add_sub/ripple_carry_adder.vhd sub00/vhpl04 1511537139
AR counter_mod2n behavioral C:/Users/Michele/Documents/TesinaASE/VHDL/Michele/ISE/prototipi/add_sub/counter_mod2n.vhd sub00/vhpl17 1511537134
AR full_adder structural C:/Users/Michele/Documents/TesinaASE/VHDL/Michele/ISE/prototipi/add_sub/full_adder.vhd sub00/vhpl03 1511537130
AR demux1_n dataflow C:/Users/Michele/Documents/TesinaASE/VHDL/Michele/ISE/prototipi/add_sub/demux1_n.vhd sub00/vhpl11 1511537126
EN add_sub NULL C:/Users/Michele/Documents/TesinaASE/VHDL/Michele/ISE/prototipi/add_sub/add_sub.vhd sub00/vhpl06 1511537143
EN edge_triggered_d_n NULL C:/Users/Michele/Documents/TesinaASE/VHDL/Michele/ISE/prototipi/add_sub/edge_triggered_d_n.vhd sub00/vhpl22 1511537141
AR muxn_1 dataflow C:/Users/Michele/Documents/TesinaASE/VHDL/Michele/ISE/prototipi/add_sub/muxn_1.vhd sub00/vhpl09 1511537124
EN demux1_n NULL C:/Users/Michele/Documents/TesinaASE/VHDL/Michele/ISE/prototipi/add_sub/demux1_n.vhd sub00/vhpl10 1511537125
