V3 69
FL C:/Users/Michele/Documents/TesinaASE/VHDL/Michele/ISE/prototipi/add_sub/add_sub.vhd 2017/11/22.00:44:57 P.49d
EN work/add_sub 1511537143 \
      FL C:/Users/Michele/Documents/TesinaASE/VHDL/Michele/ISE/prototipi/add_sub/add_sub.vhd \
      PB ieee/std_logic_1164 1354696159
AR work/add_sub/structural 1511537144 \
      FL C:/Users/Michele/Documents/TesinaASE/VHDL/Michele/ISE/prototipi/add_sub/add_sub.vhd \
      EN work/add_sub 1511537143 CP ripple_carry_adder
FL C:/Users/Michele/Documents/TesinaASE/VHDL/Michele/ISE/prototipi/add_sub/add_sub_on_board.vhd 2017/11/22.00:44:57 P.49d
EN work/add_sub_on_board 1511537147 \
      FL C:/Users/Michele/Documents/TesinaASE/VHDL/Michele/ISE/prototipi/add_sub/add_sub_on_board.vhd \
      PB ieee/std_logic_1164 1354696159
AR work/add_sub_on_board/structural 1511537148 \
      FL C:/Users/Michele/Documents/TesinaASE/VHDL/Michele/ISE/prototipi/add_sub/add_sub_on_board.vhd \
      EN work/add_sub_on_board 1511537147 CP edge_triggered_d_n CP add_sub \
      CP display
FL C:/Users/Michele/Documents/TesinaASE/VHDL/Michele/ISE/prototipi/add_sub/anode_manager.vhd 2017/11/22.00:44:57 P.49d
EN work/anode_manager 1511537137 \
      FL C:/Users/Michele/Documents/TesinaASE/VHDL/Michele/ISE/prototipi/add_sub/anode_manager.vhd \
      PB ieee/std_logic_1164 1354696159
AR work/anode_manager/structural 1511537138 \
      FL C:/Users/Michele/Documents/TesinaASE/VHDL/Michele/ISE/prototipi/add_sub/anode_manager.vhd \
      EN work/anode_manager 1511537137 CP muxn_1 CP demux1_n
FL C:/Users/Michele/Documents/TesinaASE/VHDL/Michele/ISE/prototipi/add_sub/cathode_encoder.vhd 2017/11/22.00:44:57 P.49d
EN work/cathode_encoder 1511537127 \
      FL C:/Users/Michele/Documents/TesinaASE/VHDL/Michele/ISE/prototipi/add_sub/cathode_encoder.vhd \
      PB ieee/std_logic_1164 1354696159
AR work/cathode_encoder/Behavioral 1511537128 \
      FL C:/Users/Michele/Documents/TesinaASE/VHDL/Michele/ISE/prototipi/add_sub/cathode_encoder.vhd \
      EN work/cathode_encoder 1511537127
FL C:/Users/Michele/Documents/TesinaASE/VHDL/Michele/ISE/prototipi/add_sub/cathode_manager.vhd 2017/11/22.00:44:57 P.49d
EN work/cathode_manager 1511537135 \
      FL C:/Users/Michele/Documents/TesinaASE/VHDL/Michele/ISE/prototipi/add_sub/cathode_manager.vhd \
      PB ieee/std_logic_1164 1354696159
AR work/cathode_manager/structural 1511537136 \
      FL C:/Users/Michele/Documents/TesinaASE/VHDL/Michele/ISE/prototipi/add_sub/cathode_manager.vhd \
      EN work/cathode_manager 1511537135 CP muxn_1 CP cathode_encoder
FL C:/Users/Michele/Documents/TesinaASE/VHDL/Michele/ISE/prototipi/add_sub/clock_filter.vhd 2017/11/22.00:44:57 P.49d
EN work/clock_filter 1511537131 \
      FL C:/Users/Michele/Documents/TesinaASE/VHDL/Michele/ISE/prototipi/add_sub/clock_filter.vhd \
      PB ieee/std_logic_1164 1354696159 PB ieee/NUMERIC_STD 1354696164 \
      PB ieee/MATH_REAL 1354696165
AR work/clock_filter/Behavioral 1511537132 \
      FL C:/Users/Michele/Documents/TesinaASE/VHDL/Michele/ISE/prototipi/add_sub/clock_filter.vhd \
      EN work/clock_filter 1511537131
FL C:/Users/Michele/Documents/TesinaASE/VHDL/Michele/ISE/prototipi/add_sub/counter_mod2n.vhd 2017/11/22.00:44:57 P.49d
EN work/counter_mod2n 1511537133 \
      FL C:/Users/Michele/Documents/TesinaASE/VHDL/Michele/ISE/prototipi/add_sub/counter_mod2n.vhd \
      PB ieee/std_logic_1164 1354696159 PB ieee/std_logic_arith 1354696160 \
      PB ieee/STD_LOGIC_UNSIGNED 1354696162
AR work/counter_mod2n/Behavioral 1511537134 \
      FL C:/Users/Michele/Documents/TesinaASE/VHDL/Michele/ISE/prototipi/add_sub/counter_mod2n.vhd \
      EN work/counter_mod2n 1511537133
FL C:/Users/Michele/Documents/TesinaASE/VHDL/Michele/ISE/prototipi/add_sub/demux1_n.vhd 2017/11/22.00:44:57 P.49d
EN work/demux1_n 1511537125 \
      FL C:/Users/Michele/Documents/TesinaASE/VHDL/Michele/ISE/prototipi/add_sub/demux1_n.vhd \
      PB ieee/std_logic_1164 1354696159 PB ieee/STD_LOGIC_UNSIGNED 1354696162 \
      PB ieee/std_logic_arith 1354696160
AR work/demux1_n/dataflow 1511537126 \
      FL C:/Users/Michele/Documents/TesinaASE/VHDL/Michele/ISE/prototipi/add_sub/demux1_n.vhd \
      EN work/demux1_n 1511537125
FL C:/Users/Michele/Documents/TesinaASE/VHDL/Michele/ISE/prototipi/add_sub/display.vhd 2017/11/22.00:44:57 P.49d
EN work/display 1511537145 \
      FL C:/Users/Michele/Documents/TesinaASE/VHDL/Michele/ISE/prototipi/add_sub/display.vhd \
      PB ieee/std_logic_1164 1354696159
AR work/display/structural 1511537146 \
      FL C:/Users/Michele/Documents/TesinaASE/VHDL/Michele/ISE/prototipi/add_sub/display.vhd \
      EN work/display 1511537145 CP clock_filter CP counter_mod2n \
      CP cathode_manager CP anode_manager
FL C:/Users/Michele/Documents/TesinaASE/VHDL/Michele/ISE/prototipi/add_sub/edge_triggered_d_n.vhd 2017/11/22.00:44:57 P.49d
EN work/edge_triggered_d_n 1511537141 \
      FL C:/Users/Michele/Documents/TesinaASE/VHDL/Michele/ISE/prototipi/add_sub/edge_triggered_d_n.vhd \
      PB ieee/std_logic_1164 1354696159
AR work/edge_triggered_d_n/Behavioral 1511537142 \
      FL C:/Users/Michele/Documents/TesinaASE/VHDL/Michele/ISE/prototipi/add_sub/edge_triggered_d_n.vhd \
      EN work/edge_triggered_d_n 1511537141
FL C:/Users/Michele/Documents/TesinaASE/VHDL/Michele/ISE/prototipi/add_sub/full_adder.vhd 2017/11/22.00:44:57 P.49d
EN work/full_adder 1511537129 \
      FL C:/Users/Michele/Documents/TesinaASE/VHDL/Michele/ISE/prototipi/add_sub/full_adder.vhd \
      PB ieee/std_logic_1164 1354696159
AR work/full_adder/structural 1511537130 \
      FL C:/Users/Michele/Documents/TesinaASE/VHDL/Michele/ISE/prototipi/add_sub/full_adder.vhd \
      EN work/full_adder 1511537129 CP half_adder
FL C:/Users/Michele/Documents/TesinaASE/VHDL/Michele/ISE/prototipi/add_sub/half_adder.vhd 2017/11/22.00:44:57 P.49d
EN work/half_adder 1511537121 \
      FL C:/Users/Michele/Documents/TesinaASE/VHDL/Michele/ISE/prototipi/add_sub/half_adder.vhd \
      PB ieee/std_logic_1164 1354696159
AR work/half_adder/dataflow 1511537122 \
      FL C:/Users/Michele/Documents/TesinaASE/VHDL/Michele/ISE/prototipi/add_sub/half_adder.vhd \
      EN work/half_adder 1511537121
FL C:/Users/Michele/Documents/TesinaASE/VHDL/Michele/ISE/prototipi/add_sub/muxn_1.vhd 2017/11/22.00:44:57 P.49d
EN work/muxn_1 1511537123 \
      FL C:/Users/Michele/Documents/TesinaASE/VHDL/Michele/ISE/prototipi/add_sub/muxn_1.vhd \
      PB ieee/std_logic_1164 1354696159 PB ieee/STD_LOGIC_UNSIGNED 1354696162
AR work/muxn_1/dataflow 1511537124 \
      FL C:/Users/Michele/Documents/TesinaASE/VHDL/Michele/ISE/prototipi/add_sub/muxn_1.vhd \
      EN work/muxn_1 1511537123
FL C:/Users/Michele/Documents/TesinaASE/VHDL/Michele/ISE/prototipi/add_sub/ripple_carry_adder.vhd 2017/11/22.00:44:57 P.49d
EN work/ripple_carry_adder 1511537139 \
      FL C:/Users/Michele/Documents/TesinaASE/VHDL/Michele/ISE/prototipi/add_sub/ripple_carry_adder.vhd \
      PB ieee/std_logic_1164 1354696159 PB ieee/std_logic_arith 1354696160
AR work/ripple_carry_adder/structural 1511537140 \
      FL C:/Users/Michele/Documents/TesinaASE/VHDL/Michele/ISE/prototipi/add_sub/ripple_carry_adder.vhd \
      EN work/ripple_carry_adder 1511537139 CP full_adder
FL C:/Users/Public/ISE/add_sub/add_sub.vhd 2017/11/20.01:57:16 P.49d
FL C:/Users/Public/ISE/add_sub/add_sub_on_board.vhd 2017/11/20.02:06:16 P.49d
FL C:/Users/Public/ISE/add_sub/anode_manager.vhd 2017/11/12.17:16:40 P.49d
FL C:/Users/Public/ISE/add_sub/cathode_encoder.vhd 2017/11/12.15:29:13 P.49d
FL C:/Users/Public/ISE/add_sub/cathode_manager.vhd 2017/11/12.14:53:35 P.49d
FL C:/Users/Public/ISE/add_sub/clock_filter.vhd 2017/11/11.19:17:26 P.49d
FL C:/Users/Public/ISE/add_sub/counter_mod2n.vhd 2017/11/11.13:06:50 P.49d
FL C:/Users/Public/ISE/add_sub/demux1_n.vhd 2017/11/12.16:57:43 P.49d
FL C:/Users/Public/ISE/add_sub/display.vhd 2017/11/19.00:10:24 P.49d
FL C:/Users/Public/ISE/add_sub/edge_triggered_d_n.vhd 2017/11/18.23:03:03 P.49d
FL C:/Users/Public/ISE/add_sub/full_adder.vhd 2017/10/31.10:30:25 P.49d
FL C:/Users/Public/ISE/add_sub/half_adder.vhd 2017/10/31.19:11:41 P.49d
FL C:/Users/Public/ISE/add_sub/muxn_1.vhd 2017/10/29.17:50:27 P.49d
FL C:/Users/Public/ISE/add_sub/ripple_carry_adder.vhd 2017/10/31.18:31:57 P.49d
