AR cathode_encoder behavioral C:/Users/Public/ISE/display/cathode_encoder.vhd sub00/vhpl09 1510504419
EN display NULL C:/Users/Public/ISE/display/display.vhd sub00/vhpl14 1510504432
AR clock_filter behavioral C:/Users/Public/ISE/display/clock_filter.vhd sub00/vhpl03 1510504421
EN anode_manager NULL C:/Users/Public/ISE/display/anode_manager.vhd sub00/vhpl12 1510504426
EN display_top_level NULL C:/Users/Public/ISE/display/display_top_level.vhd sub00/vhpl20 1510504434
AR display structural C:/Users/Public/ISE/display/display.vhd sub00/vhpl15 1510504433
AR cathode_manager structural C:/Users/Public/ISE/display/cathode_manager.vhd sub00/vhpl11 1510504425
EN cathode_encoder NULL C:/Users/Public/ISE/display/cathode_encoder.vhd sub00/vhpl08 1510504418
EN muxn_1 NULL C:/Users/Public/ISE/display/muxn_1.vhd sub00/vhpl04 1510504414
EN cathode_manager NULL C:/Users/Public/ISE/display/cathode_manager.vhd sub00/vhpl10 1510504424
AR display_top_level structural C:/Users/Public/ISE/display/display_top_level.vhd sub00/vhpl21 1510504435
AR anode_manager structural C:/Users/Public/ISE/display/anode_manager.vhd sub00/vhpl13 1510504427
AR edge_triggered_d_n behavioral C:/Users/Public/ISE/display/edge_triggered_d_n.vhd sub00/vhpl17 1510504429
EN clock_filter NULL C:/Users/Public/ISE/display/clock_filter.vhd sub00/vhpl02 1510504420
EN counter_mod2n NULL C:/Users/Public/ISE/display/counter_mod2n.vhd sub00/vhpl00 1510504422
EN display_on_board NULL C:/Users/Public/ISE/display/display_on_board.vhd sub00/vhpl18 1510504430
AR counter_mod2n behavioral C:/Users/Public/ISE/display/counter_mod2n.vhd sub00/vhpl01 1510504423
AR display_on_board behavioral C:/Users/Public/ISE/display/display_on_board.vhd sub00/vhpl19 1510504431
AR demux1_n dataflow C:/Users/Public/ISE/display/demux1_n.vhd sub00/vhpl07 1510504417
EN edge_triggered_d_n NULL C:/Users/Public/ISE/display/edge_triggered_d_n.vhd sub00/vhpl16 1510504428
AR muxn_1 dataflow C:/Users/Public/ISE/display/muxn_1.vhd sub00/vhpl05 1510504415
EN demux1_n NULL C:/Users/Public/ISE/display/demux1_n.vhd sub00/vhpl06 1510504416
