AR pad behavioral C:/DAVIDE/ASE/Esercizi/ISE/GPIO/pad.vhd sub00/vhpl01 1514488780
AR gpio structural C:/DAVIDE/ASE/Esercizi/ISE/GPIO/gpio.vhd sub00/vhpl03 1514488782
EN gpio NULL C:/DAVIDE/ASE/Esercizi/ISE/GPIO/gpio.vhd sub00/vhpl02 1514488781
EN pad NULL C:/DAVIDE/ASE/Esercizi/ISE/GPIO/pad.vhd sub00/vhpl00 1514488779
