EN srlram NULL /media/sf_ASE/VHDL/Milo/p1/ipcore_dir/tmp/./_cg/_dbg/./dist_mem_gen_v7_2/srlram/srlram.vhd sub00/vhpl13 1514504933
EN dist_mem_gen_v7_2_xst NULL /media/sf_ASE/VHDL/Milo/p1/ipcore_dir/tmp/./_cg/_dbg/./dist_mem_gen_v7_2/dist_mem_gen_v7_2_xst.vhd sub00/vhpl16 1514504936
EN rom NULL /media/sf_ASE/VHDL/Milo/p1/ipcore_dir/tmp/./_cg/_dbg/./dist_mem_gen_v7_2/rom/rom.vhd sub00/vhpl03 1514504923
EN dpram NULL /media/sf_ASE/VHDL/Milo/p1/ipcore_dir/tmp/./_cg/_dbg/./dist_mem_gen_v7_2/dpram/dpram.vhd sub00/vhpl07 1514504927
EN sdpram NULL /media/sf_ASE/VHDL/Milo/p1/ipcore_dir/tmp/./_cg/_dbg/./dist_mem_gen_v7_2/sdpram/sdpram.vhd sub00/vhpl09 1514504929
AR dpram rtl /media/sf_ASE/VHDL/Milo/p1/ipcore_dir/tmp/./_cg/_dbg/./dist_mem_gen_v7_2/dpram/dpram.vhd sub00/vhpl08 1514504928
AR dist_mem_gen_v7_2_xst rtl /media/sf_ASE/VHDL/Milo/p1/ipcore_dir/tmp/./_cg/_dbg/./dist_mem_gen_v7_2/dist_mem_gen_v7_2_xst.vhd sub00/vhpl17 1514504937
AR srl_block rtl /media/sf_ASE/VHDL/Milo/p1/ipcore_dir/tmp/./_cg/_dbg/./dist_mem_gen_v7_2/srlram/srl_block.vhd sub00/vhpl12 1514504932
AR dist_mem_gen_v7_2 xilinx /media/sf_ASE/VHDL/Milo/p1/ipcore_dir/tmp/./_cg/_dbg/./dist_mem_gen_v7_2/dist_mem_gen_v7_2.vhd sub00/vhpl19 1514504939
EN dist_mem_gen_v7_2 NULL /media/sf_ASE/VHDL/Milo/p1/ipcore_dir/tmp/./_cg/_dbg/./dist_mem_gen_v7_2/dist_mem_gen_v7_2.vhd sub00/vhpl18 1514504938
PB dist_mem_utils dist_mem_utils /media/sf_ASE/VHDL/Milo/p1/ipcore_dir/tmp/./_cg/_dbg/./dist_mem_gen_v7_2/dist_mem_utils.vhd sub00/vhpl01 1514504921
AR sdpram rtl /media/sf_ASE/VHDL/Milo/p1/ipcore_dir/tmp/./_cg/_dbg/./dist_mem_gen_v7_2/sdpram/sdpram.vhd sub00/vhpl10 1514504930
PH dist_mem_utils NULL /media/sf_ASE/VHDL/Milo/p1/ipcore_dir/tmp/./_cg/_dbg/./dist_mem_gen_v7_2/dist_mem_utils.vhd sub00/vhpl00 1514504920
EN srl_block NULL /media/sf_ASE/VHDL/Milo/p1/ipcore_dir/tmp/./_cg/_dbg/./dist_mem_gen_v7_2/srlram/srl_block.vhd sub00/vhpl11 1514504931
PH dist_mem_comps NULL /media/sf_ASE/VHDL/Milo/p1/ipcore_dir/tmp/./_cg/_dbg/./dist_mem_gen_v7_2/dist_mem_comps.vhd sub00/vhpl02 1514504922
EN spram NULL /media/sf_ASE/VHDL/Milo/p1/ipcore_dir/tmp/./_cg/_dbg/./dist_mem_gen_v7_2/spram/spram.vhd sub00/vhpl05 1514504925
AR spram rtl /media/sf_ASE/VHDL/Milo/p1/ipcore_dir/tmp/./_cg/_dbg/./dist_mem_gen_v7_2/spram/spram.vhd sub00/vhpl06 1514504926
AR srlram rtl /media/sf_ASE/VHDL/Milo/p1/ipcore_dir/tmp/./_cg/_dbg/./dist_mem_gen_v7_2/srlram/srlram.vhd sub00/vhpl14 1514504934
AR rom rtl /media/sf_ASE/VHDL/Milo/p1/ipcore_dir/tmp/./_cg/_dbg/./dist_mem_gen_v7_2/rom/rom.vhd sub00/vhpl04 1514504924
PH dist_mem_gen_v7_2_xst_comp NULL /media/sf_ASE/VHDL/Milo/p1/ipcore_dir/tmp/./_cg/_dbg/./dist_mem_gen_v7_2/dist_mem_gen_v7_2_xst_comp.vhd sub00/vhpl15 1514504935
