V3 3
FL C:/Users/Public/ISE/cathode_manager/cathode_encoder.vhd 2017/11/10.19:51:18 P.49d
EN work/cathode_encoder 1510339974 \
      FL C:/Users/Public/ISE/cathode_manager/cathode_encoder.vhd \
      PB ieee/std_logic_1164 1354696159
AR work/cathode_encoder/Behavioral 1510339975 \
      FL C:/Users/Public/ISE/cathode_manager/cathode_encoder.vhd \
      EN work/cathode_encoder 1510339974
