EN shifter_a_sinistra NULL /media/sf_ASE/VHDL/Milo/RSA/shifter_a_sinistra.vhd sub00/vhpl20 1515000773
AR demux1_n dataflow /media/sf_ASE/VHDL/Milo/RSA/demux1_n.vhd sub00/vhpl13 1515000766
EN cathode_manager NULL /media/sf_ASE/VHDL/Milo/RSA/cathode_manager.vhd sub00/vhpl34 1515000787
EN boundary_scan_chain NULL /media/sf_ASE/VHDL/Milo/RSA/boundary_scan_chain.vhd sub00/vhpl28 1515000781
EN display NULL /media/sf_ASE/VHDL/Milo/RSA/display.vhd sub00/vhpl50 1515000803
EN gestore_hash NULL /media/sf_ASE/VHDL/Milo/RSA/gestore_RSA.vhd sub00/vhpl46 1515000799
AR serial_div_restoring behavioral /media/sf_ASE/VHDL/Milo/RSA/serial_div_restoring.vhd sub00/vhpl17 1515000770
AR full_adder structural /media/sf_ASE/VHDL/Milo/RSA/full_adder.vhd sub00/vhpl03 1515000756
EN generazione_valori_rsa NULL /media/sf_ASE/VHDL/Milo/RSA/generazione_valori_RSA.vhd sub00/vhpl60 1515000813
EN clock_filter NULL /media/sf_ASE/VHDL/Milo/RSA/clock_filter.vhd sub00/vhpl30 1515000783
EN serial_div_restoring NULL /media/sf_ASE/VHDL/Milo/RSA/serial_div_restoring.vhd sub00/vhpl16 1515000769
AR display_on_board behavioral /media/sf_ASE/VHDL/Milo/RSA/display_on_board.vhd sub00/vhpl49 1515000802
AR contatore_modulo_2n behavioral /media/sf_ASE/VHDL/Milo/RSA/contatore_modulo_4.vhd sub00/vhpl19 1515000772
AR counter_2n_down behavioral /media/sf_ASE/VHDL/Milo/RSA/counter_2n_down.vhd sub00/vhpl39 1515000792
AR add_sub structural /media/sf_ASE/VHDL/Milo/RSA/add_sub.vhd sub00/vhpl25 1515000778
AR mod_exp behavioral /media/sf_ASE/VHDL/Milo/RSA/mod_exp.vhd sub00/vhpl55 1515000808
EN contatore_modulo_2n NULL /media/sf_ASE/VHDL/Milo/RSA/contatore_modulo_4.vhd sub00/vhpl18 1515000771
EN half_adder NULL /media/sf_ASE/VHDL/Milo/RSA/half_adder.vhd sub00/vhpl00 1515000753
EN serial_booth_pc_moore NULL /media/sf_ASE/VHDL/Milo/RSA/Serial_Booth_PC_Moore.vhd sub00/vhpl26 1515000779
EN display_on_board NULL /media/sf_ASE/VHDL/Milo/RSA/display_on_board.vhd sub00/vhpl48 1515000801
AR boundary_scan_chain structural /media/sf_ASE/VHDL/Milo/RSA/boundary_scan_chain.vhd sub00/vhpl29 1515000782
EN latch_d NULL /media/sf_ASE/VHDL/Milo/RSA/latch_d.vhd sub00/vhpl22 1515000775
EN ripple_carry_adder NULL /media/sf_ASE/VHDL/Milo/RSA/ripple_carry_adder.vhd sub00/vhpl04 1515000757
AR generazione_valori_rsa behavioral /media/sf_ASE/VHDL/Milo/RSA/generazione_valori_RSA.vhd sub00/vhpl61 1515000814
AR anode_manager structural /media/sf_ASE/VHDL/Milo/RSA/anode_manager.vhd sub00/vhpl37 1515000790
EN debounce NULL /media/sf_ASE/VHDL/Milo/RSA/debounce.vhd sub00/vhpl58 1515000811
EN muxn_1 NULL /media/sf_ASE/VHDL/Milo/RSA/muxn_1.vhd sub00/vhpl10 1515000763
AR clock_filter behavioral /media/sf_ASE/VHDL/Milo/RSA/clock_filter.vhd sub00/vhpl31 1515000784
AR display structural /media/sf_ASE/VHDL/Milo/RSA/display.vhd sub00/vhpl51 1515000804
AR debounce logic /media/sf_ASE/VHDL/Milo/RSA/debounce.vhd sub00/vhpl59 1515000812
AR ripple_carry_adder structural /media/sf_ASE/VHDL/Milo/RSA/ripple_carry_adder.vhd sub00/vhpl05 1515000758
EN mod_exp_gestore NULL /media/sf_ASE/VHDL/Milo/RSA/mod_exp_gestore.vhd sub00/vhpl44 1515000797
AR half_adder dataflow /media/sf_ASE/VHDL/Milo/RSA/half_adder.vhd sub00/vhpl01 1515000754
AR serial_booth_pc_moore behavioral /media/sf_ASE/VHDL/Milo/RSA/Serial_Booth_PC_Moore.vhd sub00/vhpl27 1515000780
EN funzione_hash_moltiplicazione NULL /media/sf_ASE/VHDL/Milo/RSA/funzione_hash_moltiplicazione.vhd sub00/vhpl52 1515000805
EN counter_mod2n NULL /media/sf_ASE/VHDL/Milo/RSA/counter_mod2n.vhd sub00/vhpl32 1515000785
AR display_top_level structural /media/sf_ASE/VHDL/Milo/RSA/display_top_level.vhd sub00/vhpl63 1515000816
EN booth_multiplier NULL /media/sf_ASE/VHDL/Milo/RSA/Booth_multiplier.vhd sub00/vhpl40 1515000793
AR edge_triggered_d_n behavioral /media/sf_ASE/VHDL/Milo/RSA/edge_triggered_d_n.vhd sub00/vhpl09 1515000762
AR muxn_1 dataflow /media/sf_ASE/VHDL/Milo/RSA/muxn_1.vhd sub00/vhpl11 1515000764
AR cathode_encoder behavioral /media/sf_ASE/VHDL/Milo/RSA/cathode_encoder.vhd sub00/vhpl15 1515000768
EN full_adder NULL /media/sf_ASE/VHDL/Milo/RSA/full_adder.vhd sub00/vhpl02 1515000755
AR mux2_1 dataflow /media/sf_ASE/VHDL/Milo/RSA/mux2_1.vhd sub00/vhpl07 1515000760
EN tester_dispositivi NULL /media/sf_ASE/VHDL/Milo/RSA/tester_dispositivi.vhd sub00/vhpl64 1515000817
EN mux2_1 NULL /media/sf_ASE/VHDL/Milo/RSA/mux2_1.vhd sub00/vhpl06 1515000759
AR shifter_a_sinistra structural /media/sf_ASE/VHDL/Milo/RSA/shifter_a_sinistra.vhd sub00/vhpl21 1515000774
AR cathode_manager structural /media/sf_ASE/VHDL/Milo/RSA/cathode_manager.vhd sub00/vhpl35 1515000788
AR counter_mod2n behavioral /media/sf_ASE/VHDL/Milo/RSA/counter_mod2n.vhd sub00/vhpl33 1515000786
EN divisore_restoring NULL /media/sf_ASE/VHDL/Milo/RSA/divisore_restoring.vhd sub00/vhpl42 1515000795
AR tester_dispositivi behavioral /media/sf_ASE/VHDL/Milo/RSA/tester_dispositivi.vhd sub00/vhpl65 1515000818
AR gestore_generatore_valori_rsa behavioral /media/sf_ASE/VHDL/Milo/RSA/gestore_generatore_valori_RSA.vhd sub00/vhpl57 1515000810
AR mod_exp_gestore behavioral /media/sf_ASE/VHDL/Milo/RSA/mod_exp_gestore.vhd sub00/vhpl45 1515000798
EN gestore_generatore_valori_rsa NULL /media/sf_ASE/VHDL/Milo/RSA/gestore_generatore_valori_RSA.vhd sub00/vhpl56 1515000809
EN display_top_level NULL /media/sf_ASE/VHDL/Milo/RSA/display_top_level.vhd sub00/vhpl62 1515000815
AR latch_d behavioral /media/sf_ASE/VHDL/Milo/RSA/latch_d.vhd sub00/vhpl23 1515000776
EN mod_exp NULL /media/sf_ASE/VHDL/Milo/RSA/mod_exp.vhd sub00/vhpl54 1515000807
AR gestore_hash behavioral /media/sf_ASE/VHDL/Milo/RSA/gestore_RSA.vhd sub00/vhpl47 1515000800
EN edge_triggered_d_n NULL /media/sf_ASE/VHDL/Milo/RSA/edge_triggered_d_n.vhd sub00/vhpl08 1515000761
EN cathode_encoder NULL /media/sf_ASE/VHDL/Milo/RSA/cathode_encoder.vhd sub00/vhpl14 1515000767
AR funzione_hash_moltiplicazione behavioral /media/sf_ASE/VHDL/Milo/RSA/funzione_hash_moltiplicazione.vhd sub00/vhpl53 1515000806
EN add_sub NULL /media/sf_ASE/VHDL/Milo/RSA/add_sub.vhd sub00/vhpl24 1515000777
EN demux1_n NULL /media/sf_ASE/VHDL/Milo/RSA/demux1_n.vhd sub00/vhpl12 1515000765
AR divisore_restoring structural /media/sf_ASE/VHDL/Milo/RSA/divisore_restoring.vhd sub00/vhpl43 1515000796
AR booth_multiplier structural /media/sf_ASE/VHDL/Milo/RSA/Booth_multiplier.vhd sub00/vhpl41 1515000794
EN anode_manager NULL /media/sf_ASE/VHDL/Milo/RSA/anode_manager.vhd sub00/vhpl36 1515000789
EN counter_2n_down NULL /media/sf_ASE/VHDL/Milo/RSA/counter_2n_down.vhd sub00/vhpl38 1515000791
