EN shifter_a_sinistra NULL /media/sf_ASE/VHDL/Milo/RSA/shifter_a_sinistra.vhd sub00/vhpl14 1515708754
EN boundary_scan_chain NULL /media/sf_ASE/VHDL/Milo/RSA/boundary_scan_chain.vhd sub00/vhpl20 1515708760
EN gestore_hash NULL /media/sf_ASE/VHDL/Milo/RSA/gestore_RSA.vhd sub00/vhpl30 1515708770
AR serial_div_restoring behavioral /media/sf_ASE/VHDL/Milo/RSA/serial_div_restoring.vhd sub00/vhpl11 1515708751
AR full_adder structural /media/sf_ASE/VHDL/Milo/RSA/full_adder.vhd sub00/vhpl03 1515708743
EN generazione_valori_rsa NULL /media/sf_ASE/VHDL/Milo/RSA/generazione_valori_RSA.vhd sub00/vhpl40 1515708780
EN serial_div_restoring NULL /media/sf_ASE/VHDL/Milo/RSA/serial_div_restoring.vhd sub00/vhpl10 1515708750
AR contatore_modulo_2n behavioral /media/sf_ASE/VHDL/Milo/RSA/contatore_modulo_4.vhd sub00/vhpl13 1515708753
AR counter_2n_down behavioral /media/sf_ASE/VHDL/Milo/RSA/counter_2n_down.vhd sub00/vhpl23 1515708763
AR add_sub structural /media/sf_ASE/VHDL/Milo/RSA/add_sub.vhd sub00/vhpl17 1515708757
AR mod_exp behavioral /media/sf_ASE/VHDL/Milo/RSA/mod_exp.vhd sub00/vhpl37 1515708777
EN contatore_modulo_2n NULL /media/sf_ASE/VHDL/Milo/RSA/contatore_modulo_4.vhd sub00/vhpl12 1515708752
EN half_adder NULL /media/sf_ASE/VHDL/Milo/RSA/half_adder.vhd sub00/vhpl00 1515708740
EN serial_booth_pc_moore NULL /media/sf_ASE/VHDL/Milo/RSA/Serial_Booth_PC_Moore.vhd sub00/vhpl18 1515708758
AR boundary_scan_chain structural /media/sf_ASE/VHDL/Milo/RSA/boundary_scan_chain.vhd sub00/vhpl21 1515708761
EN ripple_carry_adder NULL /media/sf_ASE/VHDL/Milo/RSA/ripple_carry_adder.vhd sub00/vhpl04 1515708744
AR generazione_valori_rsa behavioral /media/sf_ASE/VHDL/Milo/RSA/generazione_valori_RSA.vhd sub00/vhpl41 1515708781
AR ripple_carry_adder structural /media/sf_ASE/VHDL/Milo/RSA/ripple_carry_adder.vhd sub00/vhpl05 1515708745
EN mod_exp_gestore NULL /media/sf_ASE/VHDL/Milo/RSA/mod_exp_gestore.vhd sub00/vhpl28 1515708768
AR half_adder dataflow /media/sf_ASE/VHDL/Milo/RSA/half_adder.vhd sub00/vhpl01 1515708741
AR serial_booth_pc_moore behavioral /media/sf_ASE/VHDL/Milo/RSA/Serial_Booth_PC_Moore.vhd sub00/vhpl19 1515708759
EN funzione_hash_moltiplicazione NULL /media/sf_ASE/VHDL/Milo/RSA/funzione_hash_moltiplicazione.vhd sub00/vhpl34 1515708774
EN latch_d_en NULL /media/sf_ASE/VHDL/Milo/RSA/latch_d_en.vhd sub00/vhpl08 1515708748
EN booth_multiplier NULL /media/sf_ASE/VHDL/Milo/RSA/Booth_multiplier.vhd sub00/vhpl24 1515708764
AR edge_triggered_d_n behavioral /media/sf_ASE/VHDL/Milo/RSA/edge_triggered_d_n.vhd sub00/vhpl33 1515708773
EN full_adder NULL /media/sf_ASE/VHDL/Milo/RSA/full_adder.vhd sub00/vhpl02 1515708742
AR mux2_1 dataflow /media/sf_ASE/VHDL/Milo/RSA/mux2_1.vhd sub00/vhpl07 1515708747
EN mux2_1 NULL /media/sf_ASE/VHDL/Milo/RSA/mux2_1.vhd sub00/vhpl06 1515708746
AR shifter_a_sinistra structural /media/sf_ASE/VHDL/Milo/RSA/shifter_a_sinistra.vhd sub00/vhpl15 1515708755
AR latch_d_en behavioral /media/sf_ASE/VHDL/Milo/RSA/latch_d_en.vhd sub00/vhpl09 1515708749
EN divisore_restoring NULL /media/sf_ASE/VHDL/Milo/RSA/divisore_restoring.vhd sub00/vhpl26 1515708766
AR gestore_generatore_valori_rsa behavioral /media/sf_ASE/VHDL/Milo/RSA/gestore_generatore_valori_RSA.vhd sub00/vhpl39 1515708779
AR mod_exp_gestore behavioral /media/sf_ASE/VHDL/Milo/RSA/mod_exp_gestore.vhd sub00/vhpl29 1515708769
EN gestore_generatore_valori_rsa NULL /media/sf_ASE/VHDL/Milo/RSA/gestore_generatore_valori_RSA.vhd sub00/vhpl38 1515708778
EN mod_exp NULL /media/sf_ASE/VHDL/Milo/RSA/mod_exp.vhd sub00/vhpl36 1515708776
AR gestore_hash behavioral /media/sf_ASE/VHDL/Milo/RSA/gestore_RSA.vhd sub00/vhpl31 1515708771
EN edge_triggered_d_n NULL /media/sf_ASE/VHDL/Milo/RSA/edge_triggered_d_n.vhd sub00/vhpl32 1515708772
AR funzione_hash_moltiplicazione behavioral /media/sf_ASE/VHDL/Milo/RSA/funzione_hash_moltiplicazione.vhd sub00/vhpl35 1515708775
EN add_sub NULL /media/sf_ASE/VHDL/Milo/RSA/add_sub.vhd sub00/vhpl16 1515708756
AR divisore_restoring structural /media/sf_ASE/VHDL/Milo/RSA/divisore_restoring.vhd sub00/vhpl27 1515708767
AR booth_multiplier structural /media/sf_ASE/VHDL/Milo/RSA/Booth_multiplier.vhd sub00/vhpl25 1515708765
EN counter_2n_down NULL /media/sf_ASE/VHDL/Milo/RSA/counter_2n_down.vhd sub00/vhpl22 1515708762
