AR display_sette_segmenti_f behavioral /home/sav/ASE/display_sette_segmenti/display_sette_segmenti_f.vhd sub00/vhpl05 1510939205
AR display_sette_segmenti_a structural /home/sav/ASE/display_sette_segmenti/display_sette_segmenti_a.vhd sub00/vhpl13 1510939213
EN clk_fil NULL /home/sav/ASE/gestore_display/clk_fil.vhd sub00/vhpl14 1510939214
EN display_sette_segmenti_a NULL /home/sav/ASE/display_sette_segmenti/display_sette_segmenti_a.vhd sub00/vhpl12 1510939212
EN display_sette_segmenti_e NULL /home/sav/ASE/display_sette_segmenti/diplay_sette_segmenti_e.vhd sub00/vhpl00 1510939200
EN selettore_cifra NULL /home/sav/ASE/gestore_display/selettore_cifra.vhd sub00/vhpl18 1510939218
EN display_sette_segmenti_f NULL /home/sav/ASE/display_sette_segmenti/display_sette_segmenti_f.vhd sub00/vhpl04 1510939204
EN display_sette_segmenti_g NULL /home/sav/ASE/display_sette_segmenti/display_sette_segmenti_g.vhd sub00/vhpl10 1510939210
AR contatore_modulo_2n behavioral /home/sav/ASE/gestore_display/contatore_modulo_4.vhd sub00/vhpl17 1510939217
EN contatore_modulo_2n NULL /home/sav/ASE/gestore_display/contatore_modulo_4.vhd sub00/vhpl16 1510939216
AR display_sette_segmenti_g dataflow /home/sav/ASE/display_sette_segmenti/display_sette_segmenti_g.vhd sub00/vhpl11 1510939211
AR gestore_display behavioral /home/sav/ASE/gestore_display/gestore_display.vhd sub00/vhpl25 1510939225
AR demux1_4 dataflow /home/sav/ASE/gestore_display/demux1_4.vhd sub00/vhpl23 1510939223
EN demux1_4 NULL /home/sav/ASE/gestore_display/demux1_4.vhd sub00/vhpl22 1510939222
AR display_7_segmenti structural /home/sav/ASE/gestore_display/diplay_7_segmenti.vhd sub00/vhpl21 1510939221
AR diplay_sette_segmenti_d structural /home/sav/ASE/display_sette_segmenti/diplay_sette_segmenti_d.vhd sub00/vhpl07 1510939207
AR display_sette_segmenti_e dataflow /home/sav/ASE/display_sette_segmenti/diplay_sette_segmenti_e.vhd sub00/vhpl01 1510939201
AR clk_fil behavioral /home/sav/ASE/gestore_display/clk_fil.vhd sub00/vhpl15 1510939215
AR diplay_sette_segmenti_b structural /home/sav/ASE/display_sette_segmenti/diplay_sette_segmenti_b.vhd sub00/vhpl03 1510939203
EN diplay_sette_segmenti_b NULL /home/sav/ASE/display_sette_segmenti/diplay_sette_segmenti_b.vhd sub00/vhpl02 1510939202
EN diplay_sette_segmenti_c NULL /home/sav/ASE/display_sette_segmenti/diplay_sette_segmenti_c.vhd sub00/vhpl08 1510939208
EN diplay_sette_segmenti_d NULL /home/sav/ASE/display_sette_segmenti/diplay_sette_segmenti_d.vhd sub00/vhpl06 1510939206
AR diplay_sette_segmenti_c behavioral /home/sav/ASE/display_sette_segmenti/diplay_sette_segmenti_c.vhd sub00/vhpl09 1510939209
EN display_7_segmenti NULL /home/sav/ASE/gestore_display/diplay_7_segmenti.vhd sub00/vhpl20 1510939220
AR selettore_cifra structural /home/sav/ASE/gestore_display/selettore_cifra.vhd sub00/vhpl19 1510939219
EN gestore_display NULL /home/sav/ASE/gestore_display/gestore_display.vhd sub00/vhpl24 1510939224
