V3 23
FL /media/sf_ASE/VHDL/Milo/riconoscitore_stringa/boundary_scan_chain.vhd 2017/12/27.11:10:56 P.20131013
EN work/boundary_scan_chain 1515842539 \
      FL /media/sf_ASE/VHDL/Milo/riconoscitore_stringa/boundary_scan_chain.vhd \
      PB ieee/std_logic_1164 1381692176 PB ieee/std_logic_arith 1381692177
AR work/boundary_scan_chain/Structural 1515842540 \
      FL /media/sf_ASE/VHDL/Milo/riconoscitore_stringa/boundary_scan_chain.vhd \
      EN work/boundary_scan_chain 1515842539 CP mux2_1 CP edge_triggered_d_n
FL /media/sf_ASE/VHDL/Milo/riconoscitore_stringa/contatore_modulo_4.vhd 2018/01/13.10:24:59 P.20131013
EN work/contatore_modulo_2n 1515842543 \
      FL /media/sf_ASE/VHDL/Milo/riconoscitore_stringa/contatore_modulo_4.vhd \
      PB ieee/std_logic_1164 1381692176 PB ieee/NUMERIC_STD 1381692181
AR work/contatore_modulo_2n/Behavioral 1515842544 \
      FL /media/sf_ASE/VHDL/Milo/riconoscitore_stringa/contatore_modulo_4.vhd \
      EN work/contatore_modulo_2n 1515842543
FL /media/sf_ASE/VHDL/Milo/riconoscitore_stringa/edge_triggered_d_n.vhd 2017/12/02.12:34:28 P.20131013
EN work/edge_triggered_d_n 1515842537 \
      FL /media/sf_ASE/VHDL/Milo/riconoscitore_stringa/edge_triggered_d_n.vhd \
      PB ieee/std_logic_1164 1381692176
AR work/edge_triggered_d_n/Behavioral 1515842538 \
      FL /media/sf_ASE/VHDL/Milo/riconoscitore_stringa/edge_triggered_d_n.vhd \
      EN work/edge_triggered_d_n 1515842537
FL /media/sf_ASE/VHDL/Milo/riconoscitore_stringa/mux2_1.vhd 2017/12/01.17:30:46 P.20131013
EN work/mux2_1 1515842535 \
      FL /media/sf_ASE/VHDL/Milo/riconoscitore_stringa/mux2_1.vhd \
      PB ieee/std_logic_1164 1381692176
AR work/mux2_1/dataflow 1515842536 \
      FL /media/sf_ASE/VHDL/Milo/riconoscitore_stringa/mux2_1.vhd EN work/mux2_1 1515842535
FL /media/sf_ASE/VHDL/Milo/riconoscitore_stringa/riconoscitore_stringa.vhd 2018/01/13.12:22:09 P.20131013
EN work/riconoscitore_stringa 1515842541 \
      FL /media/sf_ASE/VHDL/Milo/riconoscitore_stringa/riconoscitore_stringa.vhd \
      PB ieee/std_logic_1164 1381692176 PB ieee/MATH_REAL 1381692182 \
      PB ieee/NUMERIC_STD 1381692181
AR work/riconoscitore_stringa/Behavioral 1515842542 \
      FL /media/sf_ASE/VHDL/Milo/riconoscitore_stringa/riconoscitore_stringa.vhd \
      EN work/riconoscitore_stringa 1515842541
FL /media/sf_ASE/VHDL/Milo/riconoscitore_stringa/riconoscitore_stringa_generico.vhd 2018/01/13.12:21:48 P.20131013
EN work/riconoscitore_stringa_generico 1515842545 \
      FL /media/sf_ASE/VHDL/Milo/riconoscitore_stringa/riconoscitore_stringa_generico.vhd \
      PB ieee/std_logic_1164 1381692176 PB ieee/MATH_REAL 1381692182
AR work/riconoscitore_stringa_generico/Behavioral 1515842546 \
      FL /media/sf_ASE/VHDL/Milo/riconoscitore_stringa/riconoscitore_stringa_generico.vhd \
      EN work/riconoscitore_stringa_generico 1515842545 CP boundary_scan_chain \
      CP riconoscitore_stringa CP contatore_modulo_2n
