AR demux1_n dataflow /media/sf_ASE/VHDL/Milo/moltiplicatore_B_buono/demux1_n.vhd sub00/vhpl05 1515071415
EN cathode_manager NULL /media/sf_ASE/VHDL/Milo/moltiplicatore_B_buono/cathode_manager.vhd sub00/vhpl14 1515071424
EN display NULL /media/sf_ASE/VHDL/Milo/moltiplicatore_B_buono/display.vhd sub00/vhpl28 1515071438
EN boundary_scan_chain NULL /media/sf_ASE/VHDL/Milo/moltiplicatore_B_buono/boundary_scan_chain.vhd sub00/vhpl34 1515071444
AR full_adder structural /media/sf_ASE/VHDL/Milo/moltiplicatore_B_buono/full_adder.vhd sub00/vhpl09 1515071419
EN clock_filter NULL /media/sf_ASE/VHDL/Milo/moltiplicatore_B_buono/clock_filter.vhd sub00/vhpl10 1515071420
AR display_on_board behavioral /media/sf_ASE/VHDL/Milo/moltiplicatore_B_buono/display_on_board.vhd sub00/vhpl27 1515071437
AR contatore_modulo_2n behavioral /media/sf_ASE/VHDL/Milo/moltiplicatore_B_buono/contatore_modulo_4.vhd sub00/vhpl33 1515071443
AR add_sub structural /media/sf_ASE/VHDL/Milo/moltiplicatore_B_buono/add_sub.vhd sub00/vhpl37 1515071447
EN contatore_modulo_2n NULL /media/sf_ASE/VHDL/Milo/moltiplicatore_B_buono/contatore_modulo_4.vhd sub00/vhpl32 1515071442
EN half_adder NULL /media/sf_ASE/VHDL/Milo/moltiplicatore_B_buono/half_adder.vhd sub00/vhpl00 1515071410
EN serial_booth_pc_moore NULL /media/sf_ASE/VHDL/Milo/moltiplicatore_B_buono/Serial_Booth_PC_Moore.vhd sub00/vhpl30 1515071440
EN display_on_board NULL /media/sf_ASE/VHDL/Milo/moltiplicatore_B_buono/display_on_board.vhd sub00/vhpl26 1515071436
AR boundary_scan_chain structural /media/sf_ASE/VHDL/Milo/moltiplicatore_B_buono/boundary_scan_chain.vhd sub00/vhpl35 1515071445
EN ripple_carry_adder NULL /media/sf_ASE/VHDL/Milo/moltiplicatore_B_buono/ripple_carry_adder.vhd sub00/vhpl20 1515071430
AR anode_manager structural /media/sf_ASE/VHDL/Milo/moltiplicatore_B_buono/anode_manager.vhd sub00/vhpl17 1515071427
EN debounce NULL /media/sf_ASE/VHDL/Milo/moltiplicatore_B_buono/debounce.vhd sub00/vhpl38 1515071448
EN muxn_1 NULL /media/sf_ASE/VHDL/Milo/moltiplicatore_B_buono/muxn_1.vhd sub00/vhpl02 1515071412
AR clock_filter behavioral /media/sf_ASE/VHDL/Milo/moltiplicatore_B_buono/clock_filter.vhd sub00/vhpl11 1515071421
AR display structural /media/sf_ASE/VHDL/Milo/moltiplicatore_B_buono/display.vhd sub00/vhpl29 1515071439
AR debounce logic /media/sf_ASE/VHDL/Milo/moltiplicatore_B_buono/debounce.vhd sub00/vhpl39 1515071449
AR ripple_carry_adder structural /media/sf_ASE/VHDL/Milo/moltiplicatore_B_buono/ripple_carry_adder.vhd sub00/vhpl21 1515071431
AR half_adder dataflow /media/sf_ASE/VHDL/Milo/moltiplicatore_B_buono/half_adder.vhd sub00/vhpl01 1515071411
AR serial_booth_pc_moore behavioral /media/sf_ASE/VHDL/Milo/moltiplicatore_B_buono/Serial_Booth_PC_Moore.vhd sub00/vhpl31 1515071441
EN counter_mod2n NULL /media/sf_ASE/VHDL/Milo/moltiplicatore_B_buono/counter_mod2n.vhd sub00/vhpl12 1515071422
EN latch_d_en NULL /media/sf_ASE/VHDL/Milo/moltiplicatore_B_buono/latch_d_en.vhd sub00/vhpl24 1515071434
AR display_top_level structural /media/sf_ASE/VHDL/Milo/moltiplicatore_B_buono/display_top_level.vhd sub00/vhpl43 1515071453
EN booth_multiplier NULL /media/sf_ASE/VHDL/Milo/moltiplicatore_B_buono/Booth_multiplier.vhd sub00/vhpl40 1515071450
AR edge_triggered_d_n behavioral /media/sf_ASE/VHDL/Milo/moltiplicatore_B_buono/edge_triggered_d_n.vhd sub00/vhpl19 1515071429
AR muxn_1 dataflow /media/sf_ASE/VHDL/Milo/moltiplicatore_B_buono/muxn_1.vhd sub00/vhpl03 1515071413
AR cathode_encoder behavioral /media/sf_ASE/VHDL/Milo/moltiplicatore_B_buono/cathode_encoder.vhd sub00/vhpl07 1515071417
EN full_adder NULL /media/sf_ASE/VHDL/Milo/moltiplicatore_B_buono/full_adder.vhd sub00/vhpl08 1515071418
AR mux2_1 dataflow /media/sf_ASE/VHDL/Milo/moltiplicatore_B_buono/mux2_1.vhd sub00/vhpl23 1515071433
EN tester_dispositivi NULL /media/sf_ASE/VHDL/Milo/moltiplicatore_B_buono/tester_dispositivi.vhd sub00/vhpl44 1515071454
EN mux2_1 NULL /media/sf_ASE/VHDL/Milo/moltiplicatore_B_buono/mux2_1.vhd sub00/vhpl22 1515071432
AR cathode_manager structural /media/sf_ASE/VHDL/Milo/moltiplicatore_B_buono/cathode_manager.vhd sub00/vhpl15 1515071425
AR counter_mod2n behavioral /media/sf_ASE/VHDL/Milo/moltiplicatore_B_buono/counter_mod2n.vhd sub00/vhpl13 1515071423
AR latch_d_en behavioral /media/sf_ASE/VHDL/Milo/moltiplicatore_B_buono/latch_d_en.vhd sub00/vhpl25 1515071435
AR tester_dispositivi behavioral /media/sf_ASE/VHDL/Milo/moltiplicatore_B_buono/tester_dispositivi.vhd sub00/vhpl45 1515071455
EN display_top_level NULL /media/sf_ASE/VHDL/Milo/moltiplicatore_B_buono/display_top_level.vhd sub00/vhpl42 1515071452
EN edge_triggered_d_n NULL /media/sf_ASE/VHDL/Milo/moltiplicatore_B_buono/edge_triggered_d_n.vhd sub00/vhpl18 1515071428
EN cathode_encoder NULL /media/sf_ASE/VHDL/Milo/moltiplicatore_B_buono/cathode_encoder.vhd sub00/vhpl06 1515071416
EN add_sub NULL /media/sf_ASE/VHDL/Milo/moltiplicatore_B_buono/add_sub.vhd sub00/vhpl36 1515071446
EN demux1_n NULL /media/sf_ASE/VHDL/Milo/moltiplicatore_B_buono/demux1_n.vhd sub00/vhpl04 1515071414
AR booth_multiplier structural /media/sf_ASE/VHDL/Milo/moltiplicatore_B_buono/Booth_multiplier.vhd sub00/vhpl41 1515071451
EN anode_manager NULL /media/sf_ASE/VHDL/Milo/moltiplicatore_B_buono/anode_manager.vhd sub00/vhpl16 1515071426
