AR demux1_n dataflow /media/sf_ASE/VHDL/Milo/moltiplicatore_B_buono/demux1_n.vhd sub00/vhpl05 1515113162
EN cathode_manager NULL /media/sf_ASE/VHDL/Milo/moltiplicatore_B_buono/cathode_manager.vhd sub00/vhpl14 1515113171
EN display NULL /media/sf_ASE/VHDL/Milo/moltiplicatore_B_buono/display.vhd sub00/vhpl28 1515113185
EN boundary_scan_chain NULL /media/sf_ASE/VHDL/Milo/moltiplicatore_B_buono/boundary_scan_chain.vhd sub00/vhpl34 1515113191
AR full_adder structural /media/sf_ASE/VHDL/Milo/moltiplicatore_B_buono/full_adder.vhd sub00/vhpl09 1515113166
EN clock_filter NULL /media/sf_ASE/VHDL/Milo/moltiplicatore_B_buono/clock_filter.vhd sub00/vhpl10 1515113167
AR display_on_board behavioral /media/sf_ASE/VHDL/Milo/moltiplicatore_B_buono/display_on_board.vhd sub00/vhpl27 1515113184
AR contatore_modulo_2n behavioral /media/sf_ASE/VHDL/Milo/moltiplicatore_B_buono/contatore_modulo_4.vhd sub00/vhpl33 1515113190
AR add_sub structural /media/sf_ASE/VHDL/Milo/moltiplicatore_B_buono/add_sub.vhd sub00/vhpl37 1515113194
EN contatore_modulo_2n NULL /media/sf_ASE/VHDL/Milo/moltiplicatore_B_buono/contatore_modulo_4.vhd sub00/vhpl32 1515113189
EN half_adder NULL /media/sf_ASE/VHDL/Milo/moltiplicatore_B_buono/half_adder.vhd sub00/vhpl00 1515113157
EN serial_booth_pc_moore NULL /media/sf_ASE/VHDL/Milo/moltiplicatore_B_buono/Serial_Booth_PC_Moore.vhd sub00/vhpl30 1515113187
EN display_on_board NULL /media/sf_ASE/VHDL/Milo/moltiplicatore_B_buono/display_on_board.vhd sub00/vhpl26 1515113183
AR boundary_scan_chain structural /media/sf_ASE/VHDL/Milo/moltiplicatore_B_buono/boundary_scan_chain.vhd sub00/vhpl35 1515113192
EN ripple_carry_adder NULL /media/sf_ASE/VHDL/Milo/moltiplicatore_B_buono/ripple_carry_adder.vhd sub00/vhpl20 1515113177
AR anode_manager structural /media/sf_ASE/VHDL/Milo/moltiplicatore_B_buono/anode_manager.vhd sub00/vhpl17 1515113174
EN debounce NULL /media/sf_ASE/VHDL/Milo/moltiplicatore_B_buono/debounce.vhd sub00/vhpl38 1515113195
EN muxn_1 NULL /media/sf_ASE/VHDL/Milo/moltiplicatore_B_buono/muxn_1.vhd sub00/vhpl02 1515113159
AR clock_filter behavioral /media/sf_ASE/VHDL/Milo/moltiplicatore_B_buono/clock_filter.vhd sub00/vhpl11 1515113168
AR display structural /media/sf_ASE/VHDL/Milo/moltiplicatore_B_buono/display.vhd sub00/vhpl29 1515113186
AR debounce logic /media/sf_ASE/VHDL/Milo/moltiplicatore_B_buono/debounce.vhd sub00/vhpl39 1515113196
AR ripple_carry_adder structural /media/sf_ASE/VHDL/Milo/moltiplicatore_B_buono/ripple_carry_adder.vhd sub00/vhpl21 1515113178
AR half_adder dataflow /media/sf_ASE/VHDL/Milo/moltiplicatore_B_buono/half_adder.vhd sub00/vhpl01 1515113158
AR serial_booth_pc_moore behavioral /media/sf_ASE/VHDL/Milo/moltiplicatore_B_buono/Serial_Booth_PC_Moore.vhd sub00/vhpl31 1515113188
EN counter_mod2n NULL /media/sf_ASE/VHDL/Milo/moltiplicatore_B_buono/counter_mod2n.vhd sub00/vhpl12 1515113169
AR display_top_level structural /media/sf_ASE/VHDL/Milo/moltiplicatore_B_buono/display_top_level.vhd sub00/vhpl43 1515113200
EN latch_d_en NULL /media/sf_ASE/VHDL/Milo/moltiplicatore_B_buono/latch_d_en.vhd sub00/vhpl24 1515113181
EN booth_multiplier NULL /media/sf_ASE/VHDL/Milo/moltiplicatore_B_buono/Booth_multiplier.vhd sub00/vhpl40 1515113197
AR edge_triggered_d_n behavioral /media/sf_ASE/VHDL/Milo/moltiplicatore_B_buono/edge_triggered_d_n.vhd sub00/vhpl19 1515113176
AR muxn_1 dataflow /media/sf_ASE/VHDL/Milo/moltiplicatore_B_buono/muxn_1.vhd sub00/vhpl03 1515113160
AR cathode_encoder behavioral /media/sf_ASE/VHDL/Milo/moltiplicatore_B_buono/cathode_encoder.vhd sub00/vhpl07 1515113164
EN full_adder NULL /media/sf_ASE/VHDL/Milo/moltiplicatore_B_buono/full_adder.vhd sub00/vhpl08 1515113165
AR mux2_1 dataflow /media/sf_ASE/VHDL/Milo/moltiplicatore_B_buono/mux2_1.vhd sub00/vhpl23 1515113180
EN tester_dispositivi NULL /media/sf_ASE/VHDL/Milo/moltiplicatore_B_buono/tester_dispositivi.vhd sub00/vhpl44 1515113201
EN mux2_1 NULL /media/sf_ASE/VHDL/Milo/moltiplicatore_B_buono/mux2_1.vhd sub00/vhpl22 1515113179
AR cathode_manager structural /media/sf_ASE/VHDL/Milo/moltiplicatore_B_buono/cathode_manager.vhd sub00/vhpl15 1515113172
AR counter_mod2n behavioral /media/sf_ASE/VHDL/Milo/moltiplicatore_B_buono/counter_mod2n.vhd sub00/vhpl13 1515113170
AR latch_d_en behavioral /media/sf_ASE/VHDL/Milo/moltiplicatore_B_buono/latch_d_en.vhd sub00/vhpl25 1515113182
AR tester_dispositivi behavioral /media/sf_ASE/VHDL/Milo/moltiplicatore_B_buono/tester_dispositivi.vhd sub00/vhpl45 1515113202
EN display_top_level NULL /media/sf_ASE/VHDL/Milo/moltiplicatore_B_buono/display_top_level.vhd sub00/vhpl42 1515113199
EN edge_triggered_d_n NULL /media/sf_ASE/VHDL/Milo/moltiplicatore_B_buono/edge_triggered_d_n.vhd sub00/vhpl18 1515113175
EN cathode_encoder NULL /media/sf_ASE/VHDL/Milo/moltiplicatore_B_buono/cathode_encoder.vhd sub00/vhpl06 1515113163
EN add_sub NULL /media/sf_ASE/VHDL/Milo/moltiplicatore_B_buono/add_sub.vhd sub00/vhpl36 1515113193
EN demux1_n NULL /media/sf_ASE/VHDL/Milo/moltiplicatore_B_buono/demux1_n.vhd sub00/vhpl04 1515113161
AR booth_multiplier structural /media/sf_ASE/VHDL/Milo/moltiplicatore_B_buono/Booth_multiplier.vhd sub00/vhpl41 1515113198
EN anode_manager NULL /media/sf_ASE/VHDL/Milo/moltiplicatore_B_buono/anode_manager.vhd sub00/vhpl16 1515113173
