AR demux1_n dataflow /media/sf_ASE/VHDL/Milo/moltiplicatore_B_buono/demux1_n.vhd sub00/vhpl05 1516276865
EN cathode_manager NULL /media/sf_ASE/VHDL/Milo/moltiplicatore_B_buono/cathode_manager.vhd sub00/vhpl14 1516276874
EN display NULL /media/sf_ASE/VHDL/Milo/moltiplicatore_B_buono/display.vhd sub00/vhpl28 1516276888
EN boundary_scan_chain NULL /media/sf_ASE/VHDL/Milo/moltiplicatore_B_buono/boundary_scan_chain.vhd sub00/vhpl34 1516276894
AR full_adder structural /media/sf_ASE/VHDL/Milo/moltiplicatore_B_buono/full_adder.vhd sub00/vhpl09 1516276869
EN clock_filter NULL /media/sf_ASE/VHDL/Milo/moltiplicatore_B_buono/clock_filter.vhd sub00/vhpl10 1516276870
AR display_on_board behavioral /media/sf_ASE/VHDL/Milo/moltiplicatore_B_buono/display_on_board.vhd sub00/vhpl27 1516276887
AR contatore_modulo_2n behavioral /media/sf_ASE/VHDL/Milo/moltiplicatore_B_buono/contatore_modulo_4.vhd sub00/vhpl33 1516276893
AR add_sub structural /media/sf_ASE/VHDL/Milo/moltiplicatore_B_buono/add_sub.vhd sub00/vhpl37 1516276897
EN contatore_modulo_2n NULL /media/sf_ASE/VHDL/Milo/moltiplicatore_B_buono/contatore_modulo_4.vhd sub00/vhpl32 1516276892
EN half_adder NULL /media/sf_ASE/VHDL/Milo/moltiplicatore_B_buono/half_adder.vhd sub00/vhpl00 1516276860
EN serial_booth_pc_moore NULL /media/sf_ASE/VHDL/Milo/moltiplicatore_B_buono/Serial_Booth_PC_Moore.vhd sub00/vhpl30 1516276890
EN display_on_board NULL /media/sf_ASE/VHDL/Milo/moltiplicatore_B_buono/display_on_board.vhd sub00/vhpl26 1516276886
AR boundary_scan_chain structural /media/sf_ASE/VHDL/Milo/moltiplicatore_B_buono/boundary_scan_chain.vhd sub00/vhpl35 1516276895
EN ripple_carry_adder NULL /media/sf_ASE/VHDL/Milo/moltiplicatore_B_buono/ripple_carry_adder.vhd sub00/vhpl20 1516276880
AR anode_manager structural /media/sf_ASE/VHDL/Milo/moltiplicatore_B_buono/anode_manager.vhd sub00/vhpl17 1516276877
EN debounce NULL /media/sf_ASE/VHDL/Milo/moltiplicatore_B_buono/debounce.vhd sub00/vhpl38 1516276898
EN muxn_1 NULL /media/sf_ASE/VHDL/Milo/moltiplicatore_B_buono/muxn_1.vhd sub00/vhpl02 1516276862
AR clock_filter behavioral /media/sf_ASE/VHDL/Milo/moltiplicatore_B_buono/clock_filter.vhd sub00/vhpl11 1516276871
AR display structural /media/sf_ASE/VHDL/Milo/moltiplicatore_B_buono/display.vhd sub00/vhpl29 1516276889
AR debounce logic /media/sf_ASE/VHDL/Milo/moltiplicatore_B_buono/debounce.vhd sub00/vhpl39 1516276899
AR ripple_carry_adder structural /media/sf_ASE/VHDL/Milo/moltiplicatore_B_buono/ripple_carry_adder.vhd sub00/vhpl21 1516276881
AR half_adder dataflow /media/sf_ASE/VHDL/Milo/moltiplicatore_B_buono/half_adder.vhd sub00/vhpl01 1516276861
AR serial_booth_pc_moore behavioral /media/sf_ASE/VHDL/Milo/moltiplicatore_B_buono/Serial_Booth_PC_Moore.vhd sub00/vhpl31 1516276891
EN counter_mod2n NULL /media/sf_ASE/VHDL/Milo/moltiplicatore_B_buono/counter_mod2n.vhd sub00/vhpl12 1516276872
AR display_top_level structural /media/sf_ASE/VHDL/Milo/moltiplicatore_B_buono/display_top_level.vhd sub00/vhpl43 1516276903
EN latch_d_en NULL /media/sf_ASE/VHDL/Milo/moltiplicatore_B_buono/latch_d_en.vhd sub00/vhpl24 1516276884
EN booth_multiplier NULL /media/sf_ASE/VHDL/Milo/moltiplicatore_B_buono/Booth_multiplier.vhd sub00/vhpl40 1516276900
AR edge_triggered_d_n behavioral /media/sf_ASE/VHDL/Milo/moltiplicatore_B_buono/edge_triggered_d_n.vhd sub00/vhpl19 1516276879
AR muxn_1 dataflow /media/sf_ASE/VHDL/Milo/moltiplicatore_B_buono/muxn_1.vhd sub00/vhpl03 1516276863
AR cathode_encoder behavioral /media/sf_ASE/VHDL/Milo/moltiplicatore_B_buono/cathode_encoder.vhd sub00/vhpl07 1516276867
EN full_adder NULL /media/sf_ASE/VHDL/Milo/moltiplicatore_B_buono/full_adder.vhd sub00/vhpl08 1516276868
AR mux2_1 dataflow /media/sf_ASE/VHDL/Milo/moltiplicatore_B_buono/mux2_1.vhd sub00/vhpl23 1516276883
EN tester_dispositivi NULL /media/sf_ASE/VHDL/Milo/moltiplicatore_B_buono/tester_dispositivi.vhd sub00/vhpl44 1516276904
EN mux2_1 NULL /media/sf_ASE/VHDL/Milo/moltiplicatore_B_buono/mux2_1.vhd sub00/vhpl22 1516276882
AR cathode_manager structural /media/sf_ASE/VHDL/Milo/moltiplicatore_B_buono/cathode_manager.vhd sub00/vhpl15 1516276875
AR counter_mod2n behavioral /media/sf_ASE/VHDL/Milo/moltiplicatore_B_buono/counter_mod2n.vhd sub00/vhpl13 1516276873
AR latch_d_en behavioral /media/sf_ASE/VHDL/Milo/moltiplicatore_B_buono/latch_d_en.vhd sub00/vhpl25 1516276885
AR tester_dispositivi behavioral /media/sf_ASE/VHDL/Milo/moltiplicatore_B_buono/tester_dispositivi.vhd sub00/vhpl45 1516276905
EN display_top_level NULL /media/sf_ASE/VHDL/Milo/moltiplicatore_B_buono/display_top_level.vhd sub00/vhpl42 1516276902
EN edge_triggered_d_n NULL /media/sf_ASE/VHDL/Milo/moltiplicatore_B_buono/edge_triggered_d_n.vhd sub00/vhpl18 1516276878
EN cathode_encoder NULL /media/sf_ASE/VHDL/Milo/moltiplicatore_B_buono/cathode_encoder.vhd sub00/vhpl06 1516276866
EN add_sub NULL /media/sf_ASE/VHDL/Milo/moltiplicatore_B_buono/add_sub.vhd sub00/vhpl36 1516276896
EN demux1_n NULL /media/sf_ASE/VHDL/Milo/moltiplicatore_B_buono/demux1_n.vhd sub00/vhpl04 1516276864
AR booth_multiplier structural /media/sf_ASE/VHDL/Milo/moltiplicatore_B_buono/Booth_multiplier.vhd sub00/vhpl41 1516276901
EN anode_manager NULL /media/sf_ASE/VHDL/Milo/moltiplicatore_B_buono/anode_manager.vhd sub00/vhpl16 1516276876
