EN due_uart NULL /media/sf_ASE/DUE_UART/due_uart.vhd sub00/vhpl02 1516294176
EN rs232refcomp NULL /media/sf_ASE/DUE_UART/RS232RefComp.vhd sub00/vhpl00 1516294174
AR rs232refcomp behavioral /media/sf_ASE/DUE_UART/RS232RefComp.vhd sub00/vhpl01 1516294175
AR due_uart behavioral /media/sf_ASE/DUE_UART/due_uart.vhd sub00/vhpl03 1516294177
