EN gpio NULL C:/Users/Mario/Desktop/Esercizi_ASE/gpio/gpio.vhd sub00/vhpl02 1450433427
AR gpio behavioral C:/Users/Mario/Desktop/Esercizi_ASE/gpio/gpio.vhd sub00/vhpl03 1450433428
AR pad_io behavioral C:/Users/Mario/Desktop/Esercizi_ASE/gpio/pad_io.vhd sub00/vhpl01 1450433426
EN pad_io NULL C:/Users/Mario/Desktop/Esercizi_ASE/gpio/pad_io.vhd sub00/vhpl00 1450433425
