AR dcm behavioral /media/sf_ASE/VHDL/Michele/ISE/DCM/dcm.vhd sub00/vhpl11 1516025578
EN cathode_manager NULL /media/sf_ASE/VHDL/Michele/ISE/DCM/cathode_manager.vhd sub00/vhpl14 1516025573
AR demux1_n dataflow /media/sf_ASE/VHDL/Michele/ISE/DCM/demux1_n.vhd sub00/vhpl05 1516025225
EN display NULL /media/sf_ASE/VHDL/Michele/ISE/DCM/display.vhd sub00/vhpl20 1516025581
EN dcm NULL /media/sf_ASE/VHDL/Michele/ISE/DCM/dcm.vhd sub00/vhpl10 1516025577
AR demux1_n behavioral1 /media/sf_ASE/VHDL/Michele/ISE/DCM/demux1_n.vhd sub00/vhpl03 1516025223
AR demux1_n behavioral2 /media/sf_ASE/VHDL/Michele/ISE/DCM/demux1_n.vhd sub00/vhpl04 1516025224
AR display_on_board behavioral /media/sf_ASE/VHDL/Michele/ISE/DCM/display_on_board.vhd sub00/vhpl25 1516025239
EN display_cu NULL /media/sf_ASE/VHDL/Michele/ISE/DCM/display_cu.vhd sub00/vhpl22 1516025583
AR display_cu structural /media/sf_ASE/VHDL/Michele/ISE/DCM/display_cu.vhd sub00/vhpl23 1516025584
EN display_on_board NULL /media/sf_ASE/VHDL/Michele/ISE/DCM/display_on_board.vhd sub00/vhpl24 1516025238
AR cathode_encoder dataflow /media/sf_ASE/VHDL/Michele/ISE/DCM/cathode_encoder.vhd sub00/vhpl09 1516025229
AR anode_manager structural /media/sf_ASE/VHDL/Michele/ISE/DCM/anode_manager.vhd sub00/vhpl17 1516025576
EN muxn_1 NULL /media/sf_ASE/VHDL/Michele/ISE/DCM/muxn_1.vhd sub00/vhpl00 1516025220
AR display structural /media/sf_ASE/VHDL/Michele/ISE/DCM/display.vhd sub00/vhpl21 1516025582
EN counter_mod2n NULL /media/sf_ASE/VHDL/Michele/ISE/DCM/counter_mod2n.vhd sub00/vhpl12 1516025571
AR display_top_level structural /media/sf_ASE/VHDL/Michele/ISE/DCM/display_top_level.vhd sub00/vhpl27 1516025245
AR edge_triggered_d_n behavioral /media/sf_ASE/VHDL/Michele/ISE/DCM/edge_triggered_d_n.vhd sub00/vhpl19 1516025580
AR cathode_encoder behavioral /media/sf_ASE/VHDL/Michele/ISE/DCM/cathode_encoder.vhd sub00/vhpl07 1516025227
AR muxn_1 dataflow /media/sf_ASE/VHDL/Michele/ISE/DCM/muxn_1.vhd sub00/vhpl01 1516025221
AR cathode_manager structural /media/sf_ASE/VHDL/Michele/ISE/DCM/cathode_manager.vhd sub00/vhpl15 1516025574
AR counter_mod2n behavioral /media/sf_ASE/VHDL/Michele/ISE/DCM/counter_mod2n.vhd sub00/vhpl13 1516025572
EN display_top_level NULL /media/sf_ASE/VHDL/Michele/ISE/DCM/display_top_level.vhd sub00/vhpl26 1516025244
EN edge_triggered_d_n NULL /media/sf_ASE/VHDL/Michele/ISE/DCM/edge_triggered_d_n.vhd sub00/vhpl18 1516025579
EN cathode_encoder NULL /media/sf_ASE/VHDL/Michele/ISE/DCM/cathode_encoder.vhd sub00/vhpl06 1516025226
EN demux1_n NULL /media/sf_ASE/VHDL/Michele/ISE/DCM/demux1_n.vhd sub00/vhpl02 1516025222
AR cathode_encoder structural /media/sf_ASE/VHDL/Michele/ISE/DCM/cathode_encoder.vhd sub00/vhpl08 1516025228
EN anode_manager NULL /media/sf_ASE/VHDL/Michele/ISE/DCM/anode_manager.vhd sub00/vhpl16 1516025575
