V3 63
FL /media/sf_ASE/VHDL/Michele/ISE/DCM/anode_manager.vhd 2018/01/15.12:30:39 P.20131013
EN work/anode_manager 1516025575 \
      FL /media/sf_ASE/VHDL/Michele/ISE/DCM/anode_manager.vhd \
      PB ieee/std_logic_1164 1354696159
AR work/anode_manager/structural 1516025576 \
      FL /media/sf_ASE/VHDL/Michele/ISE/DCM/anode_manager.vhd \
      EN work/anode_manager 1516025575 AR work/demux1_n/dataflow 1516025225 \
      CP muxn_1 CP demux1_n
FL /media/sf_ASE/VHDL/Michele/ISE/DCM/cathode_encoder.vhd 2018/01/15.12:30:39 P.20131013
EN work/cathode_encoder 1516025226 \
      FL /media/sf_ASE/VHDL/Michele/ISE/DCM/cathode_encoder.vhd \
      PB ieee/std_logic_1164 1354696159
AR work/cathode_encoder/Behavioral 1516025227 \
      FL /media/sf_ASE/VHDL/Michele/ISE/DCM/cathode_encoder.vhd \
      EN work/cathode_encoder 1516025226
AR work/cathode_encoder/structural 1516025228 \
      FL /media/sf_ASE/VHDL/Michele/ISE/DCM/cathode_encoder.vhd \
      EN work/cathode_encoder 1516025226 CP muxn_1
AR work/cathode_encoder/dataflow 1516025229 \
      FL /media/sf_ASE/VHDL/Michele/ISE/DCM/cathode_encoder.vhd \
      EN work/cathode_encoder 1516025226
FL /media/sf_ASE/VHDL/Michele/ISE/DCM/cathode_manager.vhd 2018/01/15.12:30:39 P.20131013
EN work/cathode_manager 1516025573 \
      FL /media/sf_ASE/VHDL/Michele/ISE/DCM/cathode_manager.vhd \
      PB ieee/std_logic_1164 1354696159
AR work/cathode_manager/structural 1516025574 \
      FL /media/sf_ASE/VHDL/Michele/ISE/DCM/cathode_manager.vhd \
      EN work/cathode_manager 1516025573 AR work/cathode_encoder/Behavioral 1516025227 \
      CP muxn_1 CP cathode_encoder
FL /media/sf_ASE/VHDL/Michele/ISE/DCM/counter_mod2n.vhd 2018/01/15.12:30:39 P.20131013
EN work/counter_mod2n 1516025571 \
      FL /media/sf_ASE/VHDL/Michele/ISE/DCM/counter_mod2n.vhd \
      PB ieee/std_logic_1164 1354696159 PB ieee/STD_LOGIC_UNSIGNED 1354696162
AR work/counter_mod2n/Behavioral 1516025572 \
      FL /media/sf_ASE/VHDL/Michele/ISE/DCM/counter_mod2n.vhd \
      EN work/counter_mod2n 1516025571
FL /media/sf_ASE/VHDL/Michele/ISE/DCM/dcm.vhd 2018/01/15.14:02:26 P.20131013
EN work/dcm 1516025577 FL /media/sf_ASE/VHDL/Michele/ISE/DCM/dcm.vhd \
      PB ieee/std_logic_1164 1354696159 PB ieee/NUMERIC_STD 1354696164 LB UNISIM \
      PH unisim/VCOMPONENTS 1354696165
AR work/dcm/BEHAVIORAL 1516025578 \
      FL /media/sf_ASE/VHDL/Michele/ISE/DCM/dcm.vhd EN work/dcm 1516025577 CP BUFG \
      CP DCM_SP
FL /media/sf_ASE/VHDL/Michele/ISE/DCM/demux1_n.vhd 2018/01/15.12:30:39 P.20131013
EN work/demux1_n 1516025222 FL /media/sf_ASE/VHDL/Michele/ISE/DCM/demux1_n.vhd \
      PB ieee/std_logic_1164 1354696159 PB ieee/STD_LOGIC_UNSIGNED 1354696162
AR work/demux1_n/behavioral1 1516025223 \
      FL /media/sf_ASE/VHDL/Michele/ISE/DCM/demux1_n.vhd EN work/demux1_n 1516025222
AR work/demux1_n/behavioral2 1516025224 \
      FL /media/sf_ASE/VHDL/Michele/ISE/DCM/demux1_n.vhd EN work/demux1_n 1516025222
AR work/demux1_n/dataflow 1516025225 \
      FL /media/sf_ASE/VHDL/Michele/ISE/DCM/demux1_n.vhd EN work/demux1_n 1516025222
FL /media/sf_ASE/VHDL/Michele/ISE/DCM/display.vhd 2018/01/15.13:41:24 P.20131013
EN work/display 1516025581 FL /media/sf_ASE/VHDL/Michele/ISE/DCM/display.vhd \
      PB ieee/std_logic_1164 1354696159
AR work/display/structural 1516025582 \
      FL /media/sf_ASE/VHDL/Michele/ISE/DCM/display.vhd EN work/display 1516025581 \
      CP counter_mod2n CP cathode_manager CP anode_manager
FL /media/sf_ASE/VHDL/Michele/ISE/DCM/display_cu.vhd 2018/01/15.14:40:14 P.20131013
EN work/display_cu 1516025583 \
      FL /media/sf_ASE/VHDL/Michele/ISE/DCM/display_cu.vhd PB ieee/std_logic_1164 1354696159
AR work/display_cu/Structural 1516025584 \
      FL /media/sf_ASE/VHDL/Michele/ISE/DCM/display_cu.vhd EN work/display_cu 1516025583 \
      CP dcm CP edge_triggered_d_n CP display
FL /media/sf_ASE/VHDL/Michele/ISE/DCM/display_on_board.vhd 2017/12/04.10:53:21 P.20131013
EN work/display_on_board 1516025238 \
      FL /media/sf_ASE/VHDL/Michele/ISE/DCM/display_on_board.vhd \
      PB ieee/std_logic_1164 1354696159
AR work/display_on_board/Behavioral 1516025239 \
      FL /media/sf_ASE/VHDL/Michele/ISE/DCM/display_on_board.vhd \
      EN work/display_on_board 1516025238 CP edge_triggered_d_n
FL /media/sf_ASE/VHDL/Michele/ISE/DCM/display_top_level.vhd 2018/01/15.15:06:55 P.20131013
EN work/display_top_level 1516025244 \
      FL /media/sf_ASE/VHDL/Michele/ISE/DCM/display_top_level.vhd \
      PB ieee/std_logic_1164 1354696159
AR work/display_top_level/structural 1516025245 \
      FL /media/sf_ASE/VHDL/Michele/ISE/DCM/display_top_level.vhd \
      EN work/display_top_level 1516025244 CP display_on_board CP dcm CP display
FL /media/sf_ASE/VHDL/Michele/ISE/DCM/edge_triggered_d_n.vhd 2018/01/15.12:30:39 P.20131013
EN work/edge_triggered_d_n 1516025579 \
      FL /media/sf_ASE/VHDL/Michele/ISE/DCM/edge_triggered_d_n.vhd \
      PB ieee/std_logic_1164 1354696159
AR work/edge_triggered_d_n/Behavioral 1516025580 \
      FL /media/sf_ASE/VHDL/Michele/ISE/DCM/edge_triggered_d_n.vhd \
      EN work/edge_triggered_d_n 1516025579
FL /media/sf_ASE/VHDL/Michele/ISE/DCM/muxn_1.vhd 2018/01/15.12:30:39 P.20131013
EN work/muxn_1 1516025220 FL /media/sf_ASE/VHDL/Michele/ISE/DCM/muxn_1.vhd \
      PB ieee/std_logic_1164 1354696159 PB ieee/STD_LOGIC_UNSIGNED 1354696162
AR work/muxn_1/dataflow 1516025221 \
      FL /media/sf_ASE/VHDL/Michele/ISE/DCM/muxn_1.vhd EN work/muxn_1 1516025220
FL C:/Users/Michele/Documents/uni/VHDL/ISE/DCM/anode_manager.vhd 2018/01/05.13:17:01 P.20131013
FL C:/Users/Michele/Documents/uni/VHDL/ISE/DCM/cathode_encoder.vhd 2018/01/05.16:22:30 P.20131013
FL C:/Users/Michele/Documents/uni/VHDL/ISE/DCM/cathode_manager.vhd 2018/01/04.10:54:50 P.20131013
FL C:/Users/Michele/Documents/uni/VHDL/ISE/DCM/counter_mod2n.vhd 2018/01/03.19:23:21 P.20131013
FL C:/Users/Michele/Documents/uni/VHDL/ISE/DCM/dcm.vhd 2018/01/14.21:48:23 P.20131013
FL C:/Users/Michele/Documents/uni/VHDL/ISE/DCM/demux1_n.vhd 2018/01/05.13:16:02 P.20131013
FL C:/Users/Michele/Documents/uni/VHDL/ISE/DCM/display.vhd 2018/01/14.22:11:16 P.20131013
FL C:/Users/Michele/Documents/uni/VHDL/ISE/DCM/display_cu.vhd 2018/01/14.23:00:47 P.20131013
FL C:/Users/Michele/Documents/uni/VHDL/ISE/DCM/edge_triggered_d_n.vhd 2018/01/04.15:32:09 P.20131013
FL C:/Users/Michele/Documents/uni/VHDL/ISE/DCM/muxn_1.vhd 2018/01/03.19:40:48 P.20131013
