EN boundary_scan_chain NULL /media/sf_ASE/VHDL/Milo/moltiplicatore_B/boundary_scan_chain.vhd sub00/vhpl12 1513941933
AR full_adder structural /media/sf_ASE/VHDL/Milo/moltiplicatore_B/full_adder.vhd sub00/vhpl03 1513941924
AR contatore_modulo_2n behavioral /media/sf_ASE/VHDL/Milo/moltiplicatore_B/contatore_modulo_4.vhd sub00/vhpl11 1513941932
AR add_sub structural /media/sf_ASE/VHDL/Milo/moltiplicatore_B/add_sub.vhd sub00/vhpl17 1513941938
EN contatore_modulo_2n NULL /media/sf_ASE/VHDL/Milo/moltiplicatore_B/contatore_modulo_4.vhd sub00/vhpl10 1513941931
EN half_adder NULL /media/sf_ASE/VHDL/Milo/moltiplicatore_B/half_adder.vhd sub00/vhpl00 1513941921
EN serial_booth_pc_moore NULL /media/sf_ASE/VHDL/Milo/moltiplicatore_B/Serial_Booth_PC_Moore.vhd sub00/vhpl08 1513941929
AR boundary_scan_chain structural /media/sf_ASE/VHDL/Milo/moltiplicatore_B/boundary_scan_chain.vhd sub00/vhpl13 1513941934
EN latch_d NULL /media/sf_ASE/VHDL/Milo/moltiplicatore_B/latch_d.vhd sub00/vhpl14 1513941935
EN ripple_carry_adder NULL /media/sf_ASE/VHDL/Milo/moltiplicatore_B/ripple_carry_adder.vhd sub00/vhpl04 1513941925
AR ripple_carry_adder structural /media/sf_ASE/VHDL/Milo/moltiplicatore_B/ripple_carry_adder.vhd sub00/vhpl05 1513941926
AR half_adder dataflow /media/sf_ASE/VHDL/Milo/moltiplicatore_B/half_adder.vhd sub00/vhpl01 1513941922
AR serial_booth_pc_moore behavioral /media/sf_ASE/VHDL/Milo/moltiplicatore_B/Serial_Booth_PC_Moore.vhd sub00/vhpl09 1513941930
EN booth_multiplier NULL /media/sf_ASE/VHDL/Milo/moltiplicatore_B/Booth_multiplier.vhd sub00/vhpl18 1513941939
AR edge_triggered_d_n behavioral /media/sf_ASE/VHDL/Milo/moltiplicatore_B/edge_triggered_d_n.vhd sub00/vhpl07 1513941928
EN full_adder NULL /media/sf_ASE/VHDL/Milo/moltiplicatore_B/full_adder.vhd sub00/vhpl02 1513941923
AR latch_d behavioral /media/sf_ASE/VHDL/Milo/moltiplicatore_B/latch_d.vhd sub00/vhpl15 1513941936
EN edge_triggered_d_n NULL /media/sf_ASE/VHDL/Milo/moltiplicatore_B/edge_triggered_d_n.vhd sub00/vhpl06 1513941927
EN add_sub NULL /media/sf_ASE/VHDL/Milo/moltiplicatore_B/add_sub.vhd sub00/vhpl16 1513941937
AR booth_multiplier structural /media/sf_ASE/VHDL/Milo/moltiplicatore_B/Booth_multiplier.vhd sub00/vhpl19 1513941940
