Release 14.7 - xst P.20131013 (nt64)
Copyright (c) 1995-2013 Xilinx, Inc.  All rights reserved.
--> Parameter TMPDIR set to xst/projnav.tmp


Total REAL time to Xst completion: 0.00 secs
Total CPU time to Xst completion: 0.08 secs
 
--> Parameter xsthdpdir set to xst


Total REAL time to Xst completion: 0.00 secs
Total CPU time to Xst completion: 0.08 secs
 
--> Reading design: boundary_scan_chain.prj

TABLE OF CONTENTS
  1) Synthesis Options Summary
  2) HDL Compilation
  3) Design Hierarchy Analysis
  4) HDL Analysis
  5) HDL Synthesis
     5.1) HDL Synthesis Report
  6) Advanced HDL Synthesis
     6.1) Advanced HDL Synthesis Report
  7) Low Level Synthesis
  8) Partition Report
  9) Final Report
	9.1) Device utilization summary
	9.2) Partition Resource Summary
	9.3) TIMING REPORT


=========================================================================
*                      Synthesis Options Summary                        *
=========================================================================
---- Source Parameters
Input File Name                    : "boundary_scan_chain.prj"
Input Format                       : mixed
Ignore Synthesis Constraint File   : NO

---- Target Parameters
Output File Name                   : "boundary_scan_chain"
Output Format                      : NGC
Target Device                      : xc3s100e-5-tq144

---- Source Options
Top Module Name                    : boundary_scan_chain
Automatic FSM Extraction           : YES
FSM Encoding Algorithm             : Auto
Safe Implementation                : No
FSM Style                          : LUT
RAM Extraction                     : Yes
RAM Style                          : Auto
ROM Extraction                     : Yes
Mux Style                          : Auto
Decoder Extraction                 : YES
Priority Encoder Extraction        : Yes
Shift Register Extraction          : YES
Logical Shifter Extraction         : YES
XOR Collapsing                     : YES
ROM Style                          : Auto
Mux Extraction                     : Yes
Resource Sharing                   : YES
Asynchronous To Synchronous        : NO
Multiplier Style                   : Auto
Automatic Register Balancing       : No

---- Target Options
Add IO Buffers                     : YES
Global Maximum Fanout              : 100000
Add Generic Clock Buffer(BUFG)     : 24
Register Duplication               : YES
Slice Packing                      : YES
Optimize Instantiated Primitives   : NO
Use Clock Enable                   : Yes
Use Synchronous Set                : Yes
Use Synchronous Reset              : Yes
Pack IO Registers into IOBs        : Auto
Equivalent register Removal        : YES

---- General Options
Optimization Goal                  : Speed
Optimization Effort                : 1
Keep Hierarchy                     : No
Netlist Hierarchy                  : As_Optimized
RTL Output                         : Yes
Global Optimization                : AllClockNets
Read Cores                         : YES
Write Timing Constraints           : NO
Cross Clock Analysis               : NO
Hierarchy Separator                : /
Bus Delimiter                      : <>
Case Specifier                     : Maintain
Slice Utilization Ratio            : 100
BRAM Utilization Ratio             : 100
Verilog 2001                       : YES
Auto BRAM Packing                  : NO
Slice Utilization Ratio Delta      : 5

=========================================================================


=========================================================================
*                          HDL Compilation                              *
=========================================================================
Compiling vhdl file "C:/DAVIDE/ASE/Esercizi/ISE/Boundary_Scan_Chain_process/mux2_1.vhd" in Library work.
Architecture dataflow of Entity mux2_1 is up to date.
Compiling vhdl file "C:/DAVIDE/ASE/Esercizi/ISE/Boundary_Scan_Chain_process/edge_triggered_d_n.vhd" in Library work.
Architecture behavioral of Entity edge_triggered_d_n is up to date.
Compiling vhdl file "C:/DAVIDE/ASE/Esercizi/ISE/Boundary_Scan_Chain_process/boundary_scan_chain.vhd" in Library work.
Entity <boundary_scan_chain> compiled.
Entity <boundary_scan_chain> (Architecture <structural>) compiled.

=========================================================================
*                     Design Hierarchy Analysis                         *
=========================================================================
Analyzing hierarchy for entity <boundary_scan_chain> in library <work> (architecture <structural>) with generics.
	n = 1

Analyzing hierarchy for entity <mux2_1> in library <work> (architecture <dataflow>).

Analyzing hierarchy for entity <edge_triggered_d_n> in library <work> (architecture <behavioral>) with generics.
	width = 1


=========================================================================
*                            HDL Analysis                               *
=========================================================================
Analyzing generic Entity <boundary_scan_chain> in library <work> (Architecture <structural>).
	n = 1
WARNING:Xst:821 - "C:/DAVIDE/ASE/Esercizi/ISE/Boundary_Scan_Chain_process/boundary_scan_chain.vhd" line 90: Loop body will iterate zero times
Entity <boundary_scan_chain> analyzed. Unit <boundary_scan_chain> generated.

Analyzing Entity <mux2_1> in library <work> (Architecture <dataflow>).
Entity <mux2_1> analyzed. Unit <mux2_1> generated.

Analyzing generic Entity <edge_triggered_d_n> in library <work> (Architecture <behavioral>).
	width = 1
Entity <edge_triggered_d_n> analyzed. Unit <edge_triggered_d_n> generated.


=========================================================================
*                           HDL Synthesis                               *
=========================================================================

Performing bidirectional port resolution...

Synthesizing Unit <mux2_1>.
    Related source file is "C:/DAVIDE/ASE/Esercizi/ISE/Boundary_Scan_Chain_process/mux2_1.vhd".
Unit <mux2_1> synthesized.


Synthesizing Unit <edge_triggered_d_n>.
    Related source file is "C:/DAVIDE/ASE/Esercizi/ISE/Boundary_Scan_Chain_process/edge_triggered_d_n.vhd".
    Found 1-bit register for signal <q<0>>.
    Summary:
	inferred   1 D-type flip-flop(s).
Unit <edge_triggered_d_n> synthesized.


Synthesizing Unit <boundary_scan_chain>.
    Related source file is "C:/DAVIDE/ASE/Esercizi/ISE/Boundary_Scan_Chain_process/boundary_scan_chain.vhd".
    Found 1-bit register for signal <q<0>>.
    Summary:
	inferred   1 D-type flip-flop(s).
Unit <boundary_scan_chain> synthesized.


=========================================================================
HDL Synthesis Report

Macro Statistics
# Registers                                            : 2
 1-bit register                                        : 2

=========================================================================

=========================================================================
*                       Advanced HDL Synthesis                          *
=========================================================================


=========================================================================
Advanced HDL Synthesis Report

Macro Statistics
# Registers                                            : 2
 Flip-Flops                                            : 2

=========================================================================

=========================================================================
*                         Low Level Synthesis                           *
=========================================================================

Optimizing unit <boundary_scan_chain> ...

Mapping all equations...
Building and optimizing final netlist ...
Found area constraint ratio of 100 (+ 5) on block boundary_scan_chain, actual ratio is 0.
FlipFlop q_0 has been replicated 1 time(s) to handle iob=true attribute.

Final Macro Processing ...

=========================================================================
Final Register Report

Macro Statistics
# Registers                                            : 3
 Flip-Flops                                            : 3

=========================================================================

=========================================================================
*                           Partition Report                            *
=========================================================================

Partition Implementation Status
-------------------------------

  No Partitions were found in this design.

-------------------------------

=========================================================================
*                            Final Report                               *
=========================================================================
Final Results
RTL Top Level Output File Name     : boundary_scan_chain.ngr
Top Level Output File Name         : boundary_scan_chain
Output Format                      : NGC
Optimization Goal                  : Speed
Keep Hierarchy                     : No

Design Statistics
# IOs                              : 7

Cell Usage :
# BELS                             : 2
#      INV                         : 1
#      LUT3                        : 1
# FlipFlops/Latches                : 3
#      FDC                         : 1
#      FDE                         : 2
# Clock Buffers                    : 1
#      BUFGP                       : 1
# IO Buffers                       : 6
#      IBUF                        : 4
#      OBUF                        : 2
=========================================================================

Device utilization summary:
---------------------------

Selected Device : 3s100etq144-5 

 Number of Slices:                        1  out of    960     0%  
 Number of Slice Flip Flops:              2  out of   1920     0%  
 Number of 4 input LUTs:                  2  out of   1920     0%  
 Number of IOs:                           7
 Number of bonded IOBs:                   7  out of    108     6%  
    IOB Flip Flops:                       1
 Number of GCLKs:                         1  out of     24     4%  

---------------------------
Partition Resource Summary:
---------------------------

  No Partitions were found in this design.

---------------------------


=========================================================================
TIMING REPORT

NOTE: THESE TIMING NUMBERS ARE ONLY A SYNTHESIS ESTIMATE.
      FOR ACCURATE TIMING INFORMATION PLEASE REFER TO THE TRACE REPORT
      GENERATED AFTER PLACE-and-ROUTE.

Clock Information:
------------------
-----------------------------------+------------------------+-------+
Clock Signal                       | Clock buffer(FF name)  | Load  |
-----------------------------------+------------------------+-------+
clk                                | BUFGP                  | 3     |
-----------------------------------+------------------------+-------+

Asynchronous Control Signals Information:
----------------------------------------
---------------------------------------------------------------------------------------------------+-------------------------------------------+-------+
Control Signal                                                                                     | Buffer(FF name)                           | Load  |
---------------------------------------------------------------------------------------------------+-------------------------------------------+-------+
chain_gen[0].inst_edge_triggered/reset_n_inv(chain_gen[0].inst_edge_triggered/reset_n_inv1_INV_0:O)| NONE(chain_gen[0].inst_edge_triggered/q_0)| 1     |
---------------------------------------------------------------------------------------------------+-------------------------------------------+-------+

Timing Summary:
---------------
Speed Grade: -5

   Minimum period: 1.781ns (Maximum Frequency: 561.482MHz)
   Minimum input arrival time before clock: 2.589ns
   Maximum output required time after clock: 4.040ns
   Maximum combinational path delay: No path found

Timing Detail:
--------------
All values displayed in nanoseconds (ns)

=========================================================================
Timing constraint: Default period analysis for Clock 'clk'
  Clock period: 1.781ns (frequency: 561.482MHz)
  Total number of paths / destination ports: 1 / 1
-------------------------------------------------------------------------
Delay:               1.781ns (Levels of Logic = 1)
  Source:            q_0 (FF)
  Destination:       chain_gen[0].inst_edge_triggered/q_0 (FF)
  Source Clock:      clk rising
  Destination Clock: clk rising

  Data Path: q_0 to chain_gen[0].inst_edge_triggered/q_0
                                Gate     Net
    Cell:in->out      fanout   Delay   Delay  Logical Name (Net Name)
    ----------------------------------------  ------------
     FDE:C->Q              1   0.514   0.387  q_0 (q_0)
     LUT3:I2->O            1   0.612   0.000  chain_gen[0].inst_mux2_1/X1 (x)
     FDC:D                     0.268          chain_gen[0].inst_edge_triggered/q_0
    ----------------------------------------
    Total                      1.781ns (1.394ns logic, 0.387ns route)
                                       (78.3% logic, 21.7% route)

=========================================================================
Timing constraint: Default OFFSET IN BEFORE for Clock 'clk'
  Total number of paths / destination ports: 6 / 5
-------------------------------------------------------------------------
Offset:              2.589ns (Levels of Logic = 2)
  Source:            scan_en (PAD)
  Destination:       chain_gen[0].inst_edge_triggered/q_0 (FF)
  Destination Clock: clk rising

  Data Path: scan_en to chain_gen[0].inst_edge_triggered/q_0
                                Gate     Net
    Cell:in->out      fanout   Delay   Delay  Logical Name (Net Name)
    ----------------------------------------  ------------
     IBUF:I->O             3   1.106   0.603  scan_en_IBUF (scan_en_IBUF)
     LUT3:I0->O            1   0.612   0.000  chain_gen[0].inst_mux2_1/X1 (x)
     FDC:D                     0.268          chain_gen[0].inst_edge_triggered/q_0
    ----------------------------------------
    Total                      2.589ns (1.986ns logic, 0.603ns route)
                                       (76.7% logic, 23.3% route)

=========================================================================
Timing constraint: Default OFFSET OUT AFTER for Clock 'clk'
  Total number of paths / destination ports: 2 / 2
-------------------------------------------------------------------------
Offset:              4.040ns (Levels of Logic = 1)
  Source:            q_0_1 (FF)
  Destination:       scan_out (PAD)
  Source Clock:      clk rising

  Data Path: q_0_1 to scan_out
                                Gate     Net
    Cell:in->out      fanout   Delay   Delay  Logical Name (Net Name)
    ----------------------------------------  ------------
     FDE:C->Q              1   0.514   0.357  q_0_1 (q_0_1)
     OBUF:I->O                 3.169          scan_out_OBUF (scan_out)
    ----------------------------------------
    Total                      4.040ns (3.683ns logic, 0.357ns route)
                                       (91.2% logic, 8.8% route)

=========================================================================


Total REAL time to Xst completion: 4.00 secs
Total CPU time to Xst completion: 4.20 secs
 
--> 

Total memory usage is 255660 kilobytes

Number of errors   :    0 (   0 filtered)
Number of warnings :    1 (   0 filtered)
Number of infos    :    0 (   0 filtered)

