AR demux1_n dataflow /media/sf_ASE/VHDL/Milo/carry_select_adder/demux1_n.vhd sub00/vhpl05 1514667926
EN cathode_manager NULL /media/sf_ASE/VHDL/Milo/carry_select_adder/cathode_manager.vhd sub00/vhpl14 1514667935
EN display NULL /media/sf_ASE/VHDL/Milo/carry_select_adder/display.vhd sub00/vhpl26 1514667947
EN clock_filter NULL /media/sf_ASE/VHDL/Milo/carry_select_adder/clock_filter.vhd sub00/vhpl10 1514667931
AR display_on_board behavioral /media/sf_ASE/VHDL/Milo/carry_select_adder/display_on_board.vhd sub00/vhpl25 1514667946
AR contatore_modulo_2n behavioral /media/sf_ASE/VHDL/Milo/carry_select_adder/contatore_modulo_4.vhd sub00/vhpl31 1514667952
EN full_adder_half NULL /home/sav/full_adder_half/full_adder_half.vhdl sub00/vhpl08 1514667929
EN contatore_modulo_2n NULL /media/sf_ASE/VHDL/Milo/carry_select_adder/contatore_modulo_4.vhd sub00/vhpl30 1514667951
EN half_adder NULL /media/sf_ASE/VHDL/Milo/carry_select_adder/half_adder.vhdl sub00/vhpl00 1514667921
EN carry_select_cell NULL /media/sf_ASE/VHDL/Milo/carry_select_adder/carry_select_cell.vhd sub00/vhpl28 1514667949
EN display_on_board NULL /media/sf_ASE/VHDL/Milo/carry_select_adder/display_on_board.vhd sub00/vhpl24 1514667945
EN latch_d NULL /media/sf_ASE/VHDL/Milo/carry_select_adder/latch_d.vhd sub00/vhpl32 1514667953
AR anode_manager structural /media/sf_ASE/VHDL/Milo/carry_select_adder/anode_manager.vhd sub00/vhpl17 1514667938
EN muxn_1 NULL /media/sf_ASE/VHDL/Milo/carry_select_adder/muxn_1.vhd sub00/vhpl02 1514667923
AR clock_filter behavioral /media/sf_ASE/VHDL/Milo/carry_select_adder/clock_filter.vhd sub00/vhpl11 1514667932
AR display structural /media/sf_ASE/VHDL/Milo/carry_select_adder/display.vhd sub00/vhpl27 1514667948
AR carry_select_cell behavioral /media/sf_ASE/VHDL/Milo/carry_select_adder/carry_select_cell.vhd sub00/vhpl29 1514667950
AR half_adder dataflow /media/sf_ASE/VHDL/Milo/carry_select_adder/half_adder.vhdl sub00/vhpl01 1514667922
AR full_adder_half register_transfer /home/sav/full_adder_half/full_adder_half.vhdl sub00/vhpl09 1514667930
EN counter_mod2n NULL /media/sf_ASE/VHDL/Milo/carry_select_adder/counter_mod2n.vhd sub00/vhpl12 1514667933
AR display_top_level structural /media/sf_ASE/VHDL/Milo/carry_select_adder/display_top_level.vhd sub00/vhpl37 1514667958
AR edge_triggered_d_n behavioral /media/sf_ASE/VHDL/Milo/carry_select_adder/edge_triggered_d_n.vhd sub00/vhpl19 1514667940
AR muxn_1 dataflow /media/sf_ASE/VHDL/Milo/carry_select_adder/muxn_1.vhd sub00/vhpl03 1514667924
AR cathode_encoder behavioral /media/sf_ASE/VHDL/Milo/carry_select_adder/cathode_encoder.vhd sub00/vhpl07 1514667928
AR mux2_1 dataflow /home/sav/mux4_1/mux2_1.vhd sub00/vhpl23 1514667944
EN tester_dispositivi NULL /media/sf_ASE/VHDL/Milo/carry_select_adder/tester_dispositivi.vhd sub00/vhpl38 1514667959
EN mux2_1 NULL /home/sav/mux4_1/mux2_1.vhd sub00/vhpl22 1514667943
AR cathode_manager structural /media/sf_ASE/VHDL/Milo/carry_select_adder/cathode_manager.vhd sub00/vhpl15 1514667936
EN carry_select NULL /media/sf_ASE/VHDL/Milo/carry_select_adder/carry_select.vhd sub00/vhpl34 1514667955
AR counter_mod2n behavioral /media/sf_ASE/VHDL/Milo/carry_select_adder/counter_mod2n.vhd sub00/vhpl13 1514667934
AR tester_dispositivi behavioral /media/sf_ASE/VHDL/Milo/carry_select_adder/tester_dispositivi.vhd sub00/vhpl39 1514667960
AR ripplecarryadder structural /media/sf_ASE/VHDL/Milo/RippleCarryAdder/RippleCarryAdder.vhd sub00/vhpl21 1514667942
EN display_top_level NULL /media/sf_ASE/VHDL/Milo/carry_select_adder/display_top_level.vhd sub00/vhpl36 1514667957
AR latch_d behavioral /media/sf_ASE/VHDL/Milo/carry_select_adder/latch_d.vhd sub00/vhpl33 1514667954
EN ripplecarryadder NULL /media/sf_ASE/VHDL/Milo/RippleCarryAdder/RippleCarryAdder.vhd sub00/vhpl20 1514667941
EN edge_triggered_d_n NULL /media/sf_ASE/VHDL/Milo/carry_select_adder/edge_triggered_d_n.vhd sub00/vhpl18 1514667939
EN cathode_encoder NULL /media/sf_ASE/VHDL/Milo/carry_select_adder/cathode_encoder.vhd sub00/vhpl06 1514667927
EN demux1_n NULL /media/sf_ASE/VHDL/Milo/carry_select_adder/demux1_n.vhd sub00/vhpl04 1514667925
EN anode_manager NULL /media/sf_ASE/VHDL/Milo/carry_select_adder/anode_manager.vhd sub00/vhpl16 1514667937
AR carry_select behavioral /media/sf_ASE/VHDL/Milo/carry_select_adder/carry_select.vhd sub00/vhpl35 1514667956
