EN shifter_a_sinistra NULL /media/sf_ASE/VHDL/Milo/RSA_riv/shifter_a_sinistra.vhd sub00/vhpl20 1516278975
AR demux1_n dataflow /media/sf_ASE/VHDL/Milo/RSA_riv/demux1_n.vhd sub00/vhpl13 1516278968
EN cathode_manager NULL /media/sf_ASE/VHDL/Milo/RSA_riv/cathode_manager.vhd sub00/vhpl32 1516278987
EN boundary_scan_chain NULL /media/sf_ASE/VHDL/Milo/RSA_riv/boundary_scan_chain.vhd sub00/vhpl26 1516278981
EN display NULL /media/sf_ASE/VHDL/Milo/RSA_riv/display.vhd sub00/vhpl50 1516279005
EN gestore_hash NULL /media/sf_ASE/VHDL/Milo/RSA_riv/gestore_RSA.vhd sub00/vhpl46 1516279001
AR serial_div_restoring behavioral /media/sf_ASE/VHDL/Milo/RSA_riv/serial_div_restoring.vhd sub00/vhpl17 1516278972
AR full_adder structural /media/sf_ASE/VHDL/Milo/RSA_riv/full_adder.vhd sub00/vhpl03 1516278958
EN generazione_valori_rsa NULL /media/sf_ASE/VHDL/Milo/RSA_riv/generazione_valori_RSA.vhd sub00/vhpl60 1516279015
EN clock_filter NULL /media/sf_ASE/VHDL/Milo/RSA_riv/clock_filter.vhd sub00/vhpl28 1516278983
EN serial_div_restoring NULL /media/sf_ASE/VHDL/Milo/RSA_riv/serial_div_restoring.vhd sub00/vhpl16 1516278971
AR display_on_board behavioral /media/sf_ASE/VHDL/Milo/RSA_riv/display_on_board.vhd sub00/vhpl49 1516279004
AR contatore_modulo_2n behavioral /media/sf_ASE/VHDL/Milo/RSA_riv/contatore_modulo_4.vhd sub00/vhpl19 1516278974
AR counter_2n_down behavioral /media/sf_ASE/VHDL/Milo/RSA_riv/counter_2n_down.vhd sub00/vhpl39 1516278994
AR add_sub structural /media/sf_ASE/VHDL/Milo/RSA_riv/add_sub.vhd sub00/vhpl23 1516278978
AR mod_exp behavioral /media/sf_ASE/VHDL/Milo/RSA_riv/mod_exp.vhd sub00/vhpl55 1516279010
EN contatore_modulo_2n NULL /media/sf_ASE/VHDL/Milo/RSA_riv/contatore_modulo_4.vhd sub00/vhpl18 1516278973
EN half_adder NULL /media/sf_ASE/VHDL/Milo/RSA_riv/half_adder.vhd sub00/vhpl00 1516278955
EN serial_booth_pc_moore NULL /media/sf_ASE/VHDL/Milo/RSA_riv/Serial_Booth_PC_Moore.vhd sub00/vhpl24 1516278979
EN display_on_board NULL /media/sf_ASE/VHDL/Milo/RSA_riv/display_on_board.vhd sub00/vhpl48 1516279003
AR boundary_scan_chain structural /media/sf_ASE/VHDL/Milo/RSA_riv/boundary_scan_chain.vhd sub00/vhpl27 1516278982
EN ripple_carry_adder NULL /media/sf_ASE/VHDL/Milo/RSA_riv/ripple_carry_adder.vhd sub00/vhpl04 1516278959
AR generazione_valori_rsa behavioral /media/sf_ASE/VHDL/Milo/RSA_riv/generazione_valori_RSA.vhd sub00/vhpl61 1516279016
AR anode_manager structural /media/sf_ASE/VHDL/Milo/RSA_riv/anode_manager.vhd sub00/vhpl35 1516278990
EN debounce NULL /media/sf_ASE/VHDL/Milo/RSA_riv/debounce.vhd sub00/vhpl58 1516279013
EN muxn_1 NULL /media/sf_ASE/VHDL/Milo/RSA_riv/muxn_1.vhd sub00/vhpl10 1516278965
AR clock_filter behavioral /media/sf_ASE/VHDL/Milo/RSA_riv/clock_filter.vhd sub00/vhpl29 1516278984
AR display structural /media/sf_ASE/VHDL/Milo/RSA_riv/display.vhd sub00/vhpl51 1516279006
AR debounce logic /media/sf_ASE/VHDL/Milo/RSA_riv/debounce.vhd sub00/vhpl59 1516279014
AR ripple_carry_adder structural /media/sf_ASE/VHDL/Milo/RSA_riv/ripple_carry_adder.vhd sub00/vhpl05 1516278960
EN mod_exp_gestore NULL /media/sf_ASE/VHDL/Milo/RSA_riv/mod_exp_gestore.vhd sub00/vhpl44 1516278999
AR half_adder dataflow /media/sf_ASE/VHDL/Milo/RSA_riv/half_adder.vhd sub00/vhpl01 1516278956
AR serial_booth_pc_moore behavioral /media/sf_ASE/VHDL/Milo/RSA_riv/Serial_Booth_PC_Moore.vhd sub00/vhpl25 1516278980
EN funzione_hash_moltiplicazione NULL /media/sf_ASE/VHDL/Milo/RSA_riv/funzione_hash_moltiplicazione.vhd sub00/vhpl52 1516279007
EN latch_d_en NULL /media/sf_ASE/VHDL/Milo/RSA_riv/latch_d_en.vhd sub00/vhpl08 1516278963
AR display_top_level structural /media/sf_ASE/VHDL/Milo/RSA_riv/display_top_level.vhd sub00/vhpl63 1516279018
EN counter_mod2n NULL /media/sf_ASE/VHDL/Milo/RSA_riv/counter_mod2n.vhd sub00/vhpl30 1516278985
EN booth_multiplier NULL /media/sf_ASE/VHDL/Milo/RSA_riv/Booth_multiplier.vhd sub00/vhpl40 1516278995
AR edge_triggered_d_n behavioral /media/sf_ASE/VHDL/Milo/RSA_riv/edge_triggered_d_n.vhd sub00/vhpl37 1516278992
AR muxn_1 dataflow /media/sf_ASE/VHDL/Milo/RSA_riv/muxn_1.vhd sub00/vhpl11 1516278966
AR cathode_encoder behavioral /media/sf_ASE/VHDL/Milo/RSA_riv/cathode_encoder.vhd sub00/vhpl15 1516278970
EN full_adder NULL /media/sf_ASE/VHDL/Milo/RSA_riv/full_adder.vhd sub00/vhpl02 1516278957
AR mux2_1 dataflow /media/sf_ASE/VHDL/Milo/RSA_riv/mux2_1.vhd sub00/vhpl07 1516278962
EN tester_dispositivi NULL /media/sf_ASE/VHDL/Milo/RSA_riv/tester_dispositivi.vhd sub00/vhpl64 1516279019
EN mux2_1 NULL /media/sf_ASE/VHDL/Milo/RSA_riv/mux2_1.vhd sub00/vhpl06 1516278961
AR shifter_a_sinistra structural /media/sf_ASE/VHDL/Milo/RSA_riv/shifter_a_sinistra.vhd sub00/vhpl21 1516278976
AR cathode_manager structural /media/sf_ASE/VHDL/Milo/RSA_riv/cathode_manager.vhd sub00/vhpl33 1516278988
AR latch_d_en behavioral /media/sf_ASE/VHDL/Milo/RSA_riv/latch_d_en.vhd sub00/vhpl09 1516278964
AR counter_mod2n behavioral /media/sf_ASE/VHDL/Milo/RSA_riv/counter_mod2n.vhd sub00/vhpl31 1516278986
EN divisore_restoring NULL /media/sf_ASE/VHDL/Milo/RSA_riv/divisore_restoring.vhd sub00/vhpl42 1516278997
AR tester_dispositivi behavioral /media/sf_ASE/VHDL/Milo/RSA_riv/tester_dispositivi.vhd sub00/vhpl65 1516279020
AR gestore_generatore_valori_rsa behavioral /media/sf_ASE/VHDL/Milo/RSA_riv/gestore_generatore_valori_RSA.vhd sub00/vhpl57 1516279012
AR mod_exp_gestore behavioral /media/sf_ASE/VHDL/Milo/RSA_riv/mod_exp_gestore.vhd sub00/vhpl45 1516279000
EN gestore_generatore_valori_rsa NULL /media/sf_ASE/VHDL/Milo/RSA_riv/gestore_generatore_valori_RSA.vhd sub00/vhpl56 1516279011
EN display_top_level NULL /media/sf_ASE/VHDL/Milo/RSA_riv/display_top_level.vhd sub00/vhpl62 1516279017
EN mod_exp NULL /media/sf_ASE/VHDL/Milo/RSA_riv/mod_exp.vhd sub00/vhpl54 1516279009
AR gestore_hash behavioral /media/sf_ASE/VHDL/Milo/RSA_riv/gestore_RSA.vhd sub00/vhpl47 1516279002
EN edge_triggered_d_n NULL /media/sf_ASE/VHDL/Milo/RSA_riv/edge_triggered_d_n.vhd sub00/vhpl36 1516278991
EN cathode_encoder NULL /media/sf_ASE/VHDL/Milo/RSA_riv/cathode_encoder.vhd sub00/vhpl14 1516278969
AR funzione_hash_moltiplicazione behavioral /media/sf_ASE/VHDL/Milo/RSA_riv/funzione_hash_moltiplicazione.vhd sub00/vhpl53 1516279008
EN add_sub NULL /media/sf_ASE/VHDL/Milo/RSA_riv/add_sub.vhd sub00/vhpl22 1516278977
EN demux1_n NULL /media/sf_ASE/VHDL/Milo/RSA_riv/demux1_n.vhd sub00/vhpl12 1516278967
AR divisore_restoring structural /media/sf_ASE/VHDL/Milo/RSA_riv/divisore_restoring.vhd sub00/vhpl43 1516278998
AR booth_multiplier structural /media/sf_ASE/VHDL/Milo/RSA_riv/Booth_multiplier.vhd sub00/vhpl41 1516278996
EN anode_manager NULL /media/sf_ASE/VHDL/Milo/RSA_riv/anode_manager.vhd sub00/vhpl34 1516278989
EN counter_2n_down NULL /media/sf_ASE/VHDL/Milo/RSA_riv/counter_2n_down.vhd sub00/vhpl38 1516278993
