AR demux1_n dataflow /media/sf_ASE/VHDL/Milo/CarrySaveAdder/demux1_n.vhd sub00/vhpl03 1514662495
EN cathode_manager NULL /media/sf_ASE/VHDL/Milo/CarrySaveAdder/cathode_manager.vhd sub00/vhpl12 1514662504
EN display NULL /media/sf_ASE/VHDL/Milo/CarrySaveAdder/display.vhd sub00/vhpl22 1514662514
EN carry_save_adder NULL /media/sf_ASE/VHDL/Milo/CarrySaveAdder/carry_save_adder.vhd sub00/vhpl30 1514662522
EN clock_filter NULL /media/sf_ASE/VHDL/Milo/CarrySaveAdder/clock_filter.vhd sub00/vhpl08 1514662500
AR display_on_board behavioral /media/sf_ASE/VHDL/Milo/CarrySaveAdder/display_on_board.vhd sub00/vhpl21 1514662513
AR contatore_modulo_2n behavioral /media/sf_ASE/VHDL/Milo/CarrySaveAdder/contatore_modulo_4.vhd sub00/vhpl27 1514662519
EN full_adder_half NULL /media/sf_ASE/VHDL/Milo/seven_operand_adder/full_adder_half.vhdl sub00/vhpl18 1514662510
EN contatore_modulo_2n NULL /media/sf_ASE/VHDL/Milo/CarrySaveAdder/contatore_modulo_4.vhd sub00/vhpl26 1514662518
EN half_adder NULL /media/sf_ASE/VHDL/Milo/seven_operand_adder/half_adder.vhdl sub00/vhpl06 1514662498
EN display_on_board NULL /media/sf_ASE/VHDL/Milo/CarrySaveAdder/display_on_board.vhd sub00/vhpl20 1514662512
EN latch_d NULL /media/sf_ASE/VHDL/Milo/CarrySaveAdder/latch_d.vhd sub00/vhpl28 1514662520
AR anode_manager structural /media/sf_ASE/VHDL/Milo/CarrySaveAdder/anode_manager.vhd sub00/vhpl15 1514662507
EN muxn_1 NULL /media/sf_ASE/VHDL/Milo/CarrySaveAdder/muxn_1.vhd sub00/vhpl00 1514662492
AR clock_filter behavioral /media/sf_ASE/VHDL/Milo/CarrySaveAdder/clock_filter.vhd sub00/vhpl09 1514662501
AR display structural /media/sf_ASE/VHDL/Milo/CarrySaveAdder/display.vhd sub00/vhpl23 1514662515
AR half_adder dataflow /media/sf_ASE/VHDL/Milo/seven_operand_adder/half_adder.vhdl sub00/vhpl07 1514662499
AR full_adder_half register_transfer /media/sf_ASE/VHDL/Milo/seven_operand_adder/full_adder_half.vhdl sub00/vhpl19 1514662511
EN counter_mod2n NULL /media/sf_ASE/VHDL/Milo/CarrySaveAdder/counter_mod2n.vhd sub00/vhpl10 1514662502
AR display_top_level structural /media/sf_ASE/VHDL/Milo/CarrySaveAdder/display_top_level.vhd sub00/vhpl33 1514662525
AR edge_triggered_d_n behavioral /media/sf_ASE/VHDL/Milo/CarrySaveAdder/edge_triggered_d_n.vhd sub00/vhpl17 1514662509
AR muxn_1 dataflow /media/sf_ASE/VHDL/Milo/CarrySaveAdder/muxn_1.vhd sub00/vhpl01 1514662493
AR cathode_encoder behavioral /media/sf_ASE/VHDL/Milo/CarrySaveAdder/cathode_encoder.vhd sub00/vhpl05 1514662497
EN tester_dispositivi NULL /media/sf_ASE/VHDL/Milo/CarrySaveAdder/tester_dispositivi.vhd sub00/vhpl34 1514662526
AR cathode_manager structural /media/sf_ASE/VHDL/Milo/CarrySaveAdder/cathode_manager.vhd sub00/vhpl13 1514662505
AR carry_save_cell structural /media/sf_ASE/VHDL/Milo/CarrySaveAdder/carry_save_cell.vhd sub00/vhpl25 1514662517
AR counter_mod2n behavioral /media/sf_ASE/VHDL/Milo/CarrySaveAdder/counter_mod2n.vhd sub00/vhpl11 1514662503
AR tester_dispositivi behavioral /media/sf_ASE/VHDL/Milo/CarrySaveAdder/tester_dispositivi.vhd sub00/vhpl35 1514662527
EN display_top_level NULL /media/sf_ASE/VHDL/Milo/CarrySaveAdder/display_top_level.vhd sub00/vhpl32 1514662524
AR latch_d behavioral /media/sf_ASE/VHDL/Milo/CarrySaveAdder/latch_d.vhd sub00/vhpl29 1514662521
EN edge_triggered_d_n NULL /media/sf_ASE/VHDL/Milo/CarrySaveAdder/edge_triggered_d_n.vhd sub00/vhpl16 1514662508
EN cathode_encoder NULL /media/sf_ASE/VHDL/Milo/CarrySaveAdder/cathode_encoder.vhd sub00/vhpl04 1514662496
AR carry_save_adder behavioral /media/sf_ASE/VHDL/Milo/CarrySaveAdder/carry_save_adder.vhd sub00/vhpl31 1514662523
EN demux1_n NULL /media/sf_ASE/VHDL/Milo/CarrySaveAdder/demux1_n.vhd sub00/vhpl02 1514662494
EN carry_save_cell NULL /media/sf_ASE/VHDL/Milo/CarrySaveAdder/carry_save_cell.vhd sub00/vhpl24 1514662516
EN anode_manager NULL /media/sf_ASE/VHDL/Milo/CarrySaveAdder/anode_manager.vhd sub00/vhpl14 1514662506
