Release 14.7 - xst P.20131013 (nt64)
Copyright (c) 1995-2013 Xilinx, Inc.  All rights reserved.
--> Parameter TMPDIR set to xst/projnav.tmp


Total REAL time to Xst completion: 0.00 secs
Total CPU time to Xst completion: 0.11 secs
 
--> Parameter xsthdpdir set to xst


Total REAL time to Xst completion: 0.00 secs
Total CPU time to Xst completion: 0.11 secs
 
--> Reading design: flipflop_rs_ms.prj

TABLE OF CONTENTS
  1) Synthesis Options Summary
  2) HDL Compilation
  3) Design Hierarchy Analysis
  4) HDL Analysis
  5) HDL Synthesis
     5.1) HDL Synthesis Report
  6) Advanced HDL Synthesis
     6.1) Advanced HDL Synthesis Report
  7) Low Level Synthesis
  8) Partition Report
  9) Final Report
	9.1) Device utilization summary
	9.2) Partition Resource Summary
	9.3) TIMING REPORT


=========================================================================
*                      Synthesis Options Summary                        *
=========================================================================
---- Source Parameters
Input File Name                    : "flipflop_rs_ms.prj"
Input Format                       : mixed
Ignore Synthesis Constraint File   : NO

---- Target Parameters
Output File Name                   : "flipflop_rs_ms"
Output Format                      : NGC
Target Device                      : xc3s100e-5-tq144

---- Source Options
Top Module Name                    : flipflop_rs_ms
Automatic FSM Extraction           : YES
FSM Encoding Algorithm             : Auto
Safe Implementation                : No
FSM Style                          : LUT
RAM Extraction                     : Yes
RAM Style                          : Auto
ROM Extraction                     : Yes
Mux Style                          : Auto
Decoder Extraction                 : YES
Priority Encoder Extraction        : Yes
Shift Register Extraction          : YES
Logical Shifter Extraction         : YES
XOR Collapsing                     : YES
ROM Style                          : Auto
Mux Extraction                     : Yes
Resource Sharing                   : YES
Asynchronous To Synchronous        : NO
Multiplier Style                   : Auto
Automatic Register Balancing       : No

---- Target Options
Add IO Buffers                     : YES
Global Maximum Fanout              : 500
Add Generic Clock Buffer(BUFG)     : 24
Register Duplication               : YES
Slice Packing                      : YES
Optimize Instantiated Primitives   : NO
Use Clock Enable                   : Yes
Use Synchronous Set                : Yes
Use Synchronous Reset              : Yes
Pack IO Registers into IOBs        : Auto
Equivalent register Removal        : YES

---- General Options
Optimization Goal                  : Speed
Optimization Effort                : 1
Keep Hierarchy                     : No
Netlist Hierarchy                  : As_Optimized
RTL Output                         : Yes
Global Optimization                : AllClockNets
Read Cores                         : YES
Write Timing Constraints           : NO
Cross Clock Analysis               : NO
Hierarchy Separator                : /
Bus Delimiter                      : <>
Case Specifier                     : Maintain
Slice Utilization Ratio            : 100
BRAM Utilization Ratio             : 100
Verilog 2001                       : YES
Auto BRAM Packing                  : NO
Slice Utilization Ratio Delta      : 5

=========================================================================


=========================================================================
*                          HDL Compilation                              *
=========================================================================
Compiling vhdl file "C:/DAVIDE/ASE/Esercizi/ISE/latch_flip-flop/flipflop_rs_ms/nor_gate.vhd" in Library work.
Entity <nor_gate> compiled.
Entity <nor_gate> (Architecture <Dataflow>) compiled.
Compiling vhdl file "C:/DAVIDE/ASE/Esercizi/ISE/latch_flip-flop/flipflop_rs_ms/and_gate.vhd" in Library work.
Entity <and_gate> compiled.
Entity <and_gate> (Architecture <Dataflow>) compiled.
Compiling vhdl file "C:/DAVIDE/ASE/Esercizi/ISE/latch_flip-flop/flipflop_rs_ms/rs_latch.vhd" in Library work.
Entity <rs_latch> compiled.
Entity <rs_latch> (Architecture <Structural>) compiled.
Compiling vhdl file "C:/DAVIDE/ASE/Esercizi/ISE/latch_flip-flop/flipflop_rs_ms/rs_latch_clocked.vhd" in Library work.
Entity <rs_latch_clocked> compiled.
Entity <rs_latch_clocked> (Architecture <Structural>) compiled.
Compiling vhdl file "C:/DAVIDE/ASE/Esercizi/ISE/latch_flip-flop/flipflop_rs_ms/flipflop_rs_ms.vhd" in Library work.
Entity <flipflop_rs_ms> compiled.
Entity <flipflop_rs_ms> (Architecture <Structural>) compiled.

=========================================================================
*                     Design Hierarchy Analysis                         *
=========================================================================
Analyzing hierarchy for entity <flipflop_rs_ms> in library <work> (architecture <Structural>).

Analyzing hierarchy for entity <rs_latch_clocked> in library <work> (architecture <Structural>).

Analyzing hierarchy for entity <and_gate> in library <work> (architecture <Dataflow>).

Analyzing hierarchy for entity <rs_latch> in library <work> (architecture <Structural>).

Analyzing hierarchy for entity <nor_gate> in library <work> (architecture <Dataflow>).


=========================================================================
*                            HDL Analysis                               *
=========================================================================
Analyzing Entity <flipflop_rs_ms> in library <work> (Architecture <Structural>).
Entity <flipflop_rs_ms> analyzed. Unit <flipflop_rs_ms> generated.

Analyzing Entity <rs_latch_clocked> in library <work> (Architecture <Structural>).
Entity <rs_latch_clocked> analyzed. Unit <rs_latch_clocked> generated.

Analyzing Entity <and_gate> in library <work> (Architecture <Dataflow>).
Entity <and_gate> analyzed. Unit <and_gate> generated.

Analyzing Entity <rs_latch> in library <work> (Architecture <Structural>).
Entity <rs_latch> analyzed. Unit <rs_latch> generated.

Analyzing Entity <nor_gate> in library <work> (Architecture <Dataflow>).
Entity <nor_gate> analyzed. Unit <nor_gate> generated.


=========================================================================
*                           HDL Synthesis                               *
=========================================================================

Performing bidirectional port resolution...

Synthesizing Unit <and_gate>.
    Related source file is "C:/DAVIDE/ASE/Esercizi/ISE/latch_flip-flop/flipflop_rs_ms/and_gate.vhd".
Unit <and_gate> synthesized.


Synthesizing Unit <nor_gate>.
    Related source file is "C:/DAVIDE/ASE/Esercizi/ISE/latch_flip-flop/flipflop_rs_ms/nor_gate.vhd".
Unit <nor_gate> synthesized.


Synthesizing Unit <rs_latch>.
    Related source file is "C:/DAVIDE/ASE/Esercizi/ISE/latch_flip-flop/flipflop_rs_ms/rs_latch.vhd".
Unit <rs_latch> synthesized.


Synthesizing Unit <rs_latch_clocked>.
    Related source file is "C:/DAVIDE/ASE/Esercizi/ISE/latch_flip-flop/flipflop_rs_ms/rs_latch_clocked.vhd".
Unit <rs_latch_clocked> synthesized.


Synthesizing Unit <flipflop_rs_ms>.
    Related source file is "C:/DAVIDE/ASE/Esercizi/ISE/latch_flip-flop/flipflop_rs_ms/flipflop_rs_ms.vhd".
Unit <flipflop_rs_ms> synthesized.


=========================================================================
HDL Synthesis Report

Found no macro
=========================================================================

=========================================================================
*                       Advanced HDL Synthesis                          *
=========================================================================


=========================================================================
Advanced HDL Synthesis Report

Found no macro
=========================================================================

=========================================================================
*                         Low Level Synthesis                           *
=========================================================================
WARNING:Xst:2170 - Unit flipflop_rs_ms : the following signal(s) form a combinatorial loop: Inst_rs_latch_clocked_slave/Inst_rs_latch/Inst_nor_gate2/f_or0000.
WARNING:Xst:2170 - Unit flipflop_rs_ms : the following signal(s) form a combinatorial loop: Inst_rs_latch_clocked_master/Inst_rs_latch/Inst_nor_gate2/f_or0000.

Optimizing unit <flipflop_rs_ms> ...

Mapping all equations...
Building and optimizing final netlist ...
Found area constraint ratio of 100 (+ 5) on block flipflop_rs_ms, actual ratio is 0.

Final Macro Processing ...

=========================================================================
Final Register Report

Found no macro
=========================================================================

=========================================================================
*                           Partition Report                            *
=========================================================================

Partition Implementation Status
-------------------------------

  No Partitions were found in this design.

-------------------------------

=========================================================================
*                            Final Report                               *
=========================================================================
Final Results
RTL Top Level Output File Name     : flipflop_rs_ms.ngr
Top Level Output File Name         : flipflop_rs_ms
Output Format                      : NGC
Optimization Goal                  : Speed
Keep Hierarchy                     : No

Design Statistics
# IOs                              : 5

Cell Usage :
# BELS                             : 3
#      INV                         : 1
#      LUT3                        : 1
#      LUT4                        : 1
# IO Buffers                       : 5
#      IBUF                        : 3
#      OBUF                        : 2
=========================================================================

Device utilization summary:
---------------------------

Selected Device : 3s100etq144-5 

 Number of Slices:                        2  out of    960     0%  
 Number of 4 input LUTs:                  3  out of   1920     0%  
 Number of IOs:                           5
 Number of bonded IOBs:                   5  out of    108     4%  

---------------------------
Partition Resource Summary:
---------------------------

  No Partitions were found in this design.

---------------------------


=========================================================================
TIMING REPORT

NOTE: THESE TIMING NUMBERS ARE ONLY A SYNTHESIS ESTIMATE.
      FOR ACCURATE TIMING INFORMATION PLEASE REFER TO THE TRACE REPORT
      GENERATED AFTER PLACE-and-ROUTE.

Clock Information:
------------------
No clock signals found in this design

Asynchronous Control Signals Information:
----------------------------------------
No asynchronous control signals found in this design

Timing Summary:
---------------
Speed Grade: -5

   Minimum period: No path found
   Minimum input arrival time before clock: No path found
   Maximum output required time after clock: No path found
   Maximum combinational path delay: 7.900ns

Timing Detail:
--------------
All values displayed in nanoseconds (ns)

=========================================================================
Timing constraint: Default path analysis
  Total number of paths / destination ports: 8 / 2
-------------------------------------------------------------------------
Delay:               7.900ns (Levels of Logic = 5)
  Source:            clock (PAD)
  Destination:       notq (PAD)

  Data Path: clock to notq
                                Gate     Net
    Cell:in->out      fanout   Delay   Delay  Logical Name (Net Name)
    ----------------------------------------  ------------
     IBUF:I->O             2   1.106   0.532  clock_IBUF (clock_IBUF)
     LUT4:I0->O            2   0.612   0.449  Inst_rs_latch_clocked_master/Inst_rs_latch/Inst_nor_gate2/f_or00001 (Inst_rs_latch_clocked_master/Inst_rs_latch/Inst_nor_gate2/f_or0000)
     LUT3:I1->O            3   0.612   0.451  Inst_rs_latch_clocked_slave/Inst_rs_latch/Inst_nor_gate1/f1 (q_OBUF)
     INV:I->O              1   0.612   0.357  Inst_rs_latch_clocked_slave/Inst_rs_latch/Inst_nor_gate2/f1_INV_0 (notq_OBUF)
     OBUF:I->O                 3.169          notq_OBUF (notq)
    ----------------------------------------
    Total                      7.900ns (6.111ns logic, 1.789ns route)
                                       (77.4% logic, 22.6% route)

=========================================================================


Total REAL time to Xst completion: 5.00 secs
Total CPU time to Xst completion: 4.85 secs
 
--> 

Total memory usage is 256684 kilobytes

Number of errors   :    0 (   0 filtered)
Number of warnings :    2 (   0 filtered)
Number of infos    :    0 (   0 filtered)

