EN gpio NULL C:/Users/Michele/Documents/TesinaASE/VHDL/Davide/GPIO/gpio.vhd sub00/vhpl02 1514577259
EN pad NULL C:/Users/Michele/Documents/TesinaASE/VHDL/Davide/GPIO/pad.vhd sub00/vhpl00 1514577257
AR gpio structural C:/Users/Michele/Documents/TesinaASE/VHDL/Davide/GPIO/gpio.vhd sub00/vhpl03 1514577260
AR pad behavioral C:/Users/Michele/Documents/TesinaASE/VHDL/Davide/GPIO/pad.vhd sub00/vhpl01 1514577258
