AR cathode_encoder behavioral C:/Users/Michele/Documents/TesinaASE/VHDL/Display/cathode_encoder.vhd sub00/vhpl13 1515027609
AR clock_filter behavioral C:/Users/Michele/Documents/TesinaASE/VHDL/Display/clock_filter.vhd sub00/vhpl03 1514998413
EN anode_manager NULL C:/Users/Michele/Documents/TesinaASE/VHDL/Display/anode_manager.vhd sub00/vhpl10 1515022861
AR cathode_encoder structural C:/Users/Michele/Documents/TesinaASE/VHDL/Display/cathode_encoder.vhd sub00/vhpl15 1515027610
AR cathode_manager structural C:/Users/Michele/Documents/TesinaASE/VHDL/Display/cathode_manager.vhd sub00/vhpl17 1515027613
EN cathode_encoder NULL C:/Users/Michele/Documents/TesinaASE/VHDL/Display/cathode_encoder.vhd sub00/vhpl12 1515027608
EN muxn_1 NULL C:/Users/Michele/Documents/TesinaASE/VHDL/Display/muxn_1.vhd sub00/vhpl04 1515027606
EN cathode_manager NULL C:/Users/Michele/Documents/TesinaASE/VHDL/Display/cathode_manager.vhd sub00/vhpl16 1515027612
AR anode_manager structural C:/Users/Michele/Documents/TesinaASE/VHDL/Display/anode_manager.vhd sub00/vhpl11 1515022862
EN clock_filter NULL C:/Users/Michele/Documents/TesinaASE/VHDL/Display/clock_filter.vhd sub00/vhpl02 1514998412
EN counter_mod2n NULL C:/Users/Michele/Documents/TesinaASE/VHDL/Display/counter_mod2n.vhd sub00/vhpl00 1514989143
AR cathode_encoder dataflow C:/Users/Michele/Documents/TesinaASE/VHDL/Display/cathode_encoder.vhd sub00/vhpl14 1515027611
AR demux1_n behavioral1 C:/Users/Michele/Documents/TesinaASE/VHDL/Display/demux1_n.vhd sub00/vhpl07 1515022858
AR demux1_n behavioral2 C:/Users/Michele/Documents/TesinaASE/VHDL/Display/demux1_n.vhd sub00/vhpl08 1515022859
AR counter_mod2n behavioral C:/Users/Michele/Documents/TesinaASE/VHDL/Display/counter_mod2n.vhd sub00/vhpl01 1514989144
AR demux1_n dataflow C:/Users/Michele/Documents/TesinaASE/VHDL/Display/demux1_n.vhd sub00/vhpl09 1515022860
AR muxn_1 dataflow C:/Users/Michele/Documents/TesinaASE/VHDL/Display/muxn_1.vhd sub00/vhpl05 1515027607
EN demux1_n NULL C:/Users/Michele/Documents/TesinaASE/VHDL/Display/demux1_n.vhd sub00/vhpl06 1515022857
